Archive member included to satisfy reference by file (symbol)

/home/fabio/.pico-sdk/toolchain/14_2_Rel1/bin/../lib/gcc/arm-none-eabi/14.2.1/thumb/v6-m/nofp/libgcc.a(_dvmd_tls.o)
                              CMakeFiles/picow_blink.dir/home/fabio/.pico-sdk/sdk/1.5.1/src/rp2_common/pico_divider/divider.S.obj (__aeabi_idiv0)
/home/fabio/.pico-sdk/toolchain/14_2_Rel1/bin/../lib/gcc/arm-none-eabi/14.2.1/../../../../arm-none-eabi/lib/thumb/v6-m/nofp/libg.a(libc_a-calloc.o)
                              CMakeFiles/picow_blink.dir/home/fabio/.pico-sdk/sdk/1.5.1/src/rp2_common/pico_malloc/pico_malloc.c.obj (calloc)
/home/fabio/.pico-sdk/toolchain/14_2_Rel1/bin/../lib/gcc/arm-none-eabi/14.2.1/../../../../arm-none-eabi/lib/thumb/v6-m/nofp/libg.a(libc_a-callocr.o)
                              /home/fabio/.pico-sdk/toolchain/14_2_Rel1/bin/../lib/gcc/arm-none-eabi/14.2.1/../../../../arm-none-eabi/lib/thumb/v6-m/nofp/libg.a(libc_a-calloc.o) (_calloc_r)
/home/fabio/.pico-sdk/toolchain/14_2_Rel1/bin/../lib/gcc/arm-none-eabi/14.2.1/../../../../arm-none-eabi/lib/thumb/v6-m/nofp/libg.a(libc_a-malloc.o)
                              CMakeFiles/picow_blink.dir/home/fabio/.pico-sdk/sdk/1.5.1/src/rp2_common/pico_malloc/pico_malloc.c.obj (malloc)
/home/fabio/.pico-sdk/toolchain/14_2_Rel1/bin/../lib/gcc/arm-none-eabi/14.2.1/../../../../arm-none-eabi/lib/thumb/v6-m/nofp/libg.a(libc_a-mallocr.o)
                              /home/fabio/.pico-sdk/toolchain/14_2_Rel1/bin/../lib/gcc/arm-none-eabi/14.2.1/../../../../arm-none-eabi/lib/thumb/v6-m/nofp/libg.a(libc_a-callocr.o) (_malloc_r)
/home/fabio/.pico-sdk/toolchain/14_2_Rel1/bin/../lib/gcc/arm-none-eabi/14.2.1/../../../../arm-none-eabi/lib/thumb/v6-m/nofp/libg.a(libc_a-mlock.o)
                              /home/fabio/.pico-sdk/toolchain/14_2_Rel1/bin/../lib/gcc/arm-none-eabi/14.2.1/../../../../arm-none-eabi/lib/thumb/v6-m/nofp/libg.a(libc_a-mallocr.o) (__malloc_lock)
/home/fabio/.pico-sdk/toolchain/14_2_Rel1/bin/../lib/gcc/arm-none-eabi/14.2.1/../../../../arm-none-eabi/lib/thumb/v6-m/nofp/libg.a(libc_a-realloc.o)
                              CMakeFiles/picow_blink.dir/home/fabio/.pico-sdk/sdk/1.5.1/src/rp2_common/pico_malloc/pico_malloc.c.obj (realloc)
/home/fabio/.pico-sdk/toolchain/14_2_Rel1/bin/../lib/gcc/arm-none-eabi/14.2.1/../../../../arm-none-eabi/lib/thumb/v6-m/nofp/libg.a(libc_a-reallocr.o)
                              /home/fabio/.pico-sdk/toolchain/14_2_Rel1/bin/../lib/gcc/arm-none-eabi/14.2.1/../../../../arm-none-eabi/lib/thumb/v6-m/nofp/libg.a(libc_a-realloc.o) (_realloc_r)
/home/fabio/.pico-sdk/toolchain/14_2_Rel1/bin/../lib/gcc/arm-none-eabi/14.2.1/../../../../arm-none-eabi/lib/thumb/v6-m/nofp/libg.a(libc_a-memcmp.o)
                              CMakeFiles/picow_blink.dir/home/fabio/.pico-sdk/sdk/1.5.1/lib/cyw43-driver/src/cyw43_ll.c.obj (memcmp)
/home/fabio/.pico-sdk/toolchain/14_2_Rel1/bin/../lib/gcc/arm-none-eabi/14.2.1/../../../../arm-none-eabi/lib/thumb/v6-m/nofp/libg.a(libc_a-memmove.o)
                              CMakeFiles/picow_blink.dir/home/fabio/.pico-sdk/sdk/1.5.1/lib/cyw43-driver/src/cyw43_ll.c.obj (memmove)
/home/fabio/.pico-sdk/toolchain/14_2_Rel1/bin/../lib/gcc/arm-none-eabi/14.2.1/../../../../arm-none-eabi/lib/thumb/v6-m/nofp/libg.a(libc_a-strncmp.o)
                              CMakeFiles/picow_blink.dir/home/fabio/.pico-sdk/sdk/1.5.1/lib/cyw43-driver/src/cyw43_ll.c.obj (strncmp)
/home/fabio/.pico-sdk/toolchain/14_2_Rel1/bin/../lib/gcc/arm-none-eabi/14.2.1/../../../../arm-none-eabi/lib/thumb/v6-m/nofp/libg.a(libc_a-impure.o)
                              /home/fabio/.pico-sdk/toolchain/14_2_Rel1/bin/../lib/gcc/arm-none-eabi/14.2.1/../../../../arm-none-eabi/lib/thumb/v6-m/nofp/libg.a(libc_a-calloc.o) (_impure_ptr)
/home/fabio/.pico-sdk/toolchain/14_2_Rel1/bin/../lib/gcc/arm-none-eabi/14.2.1/../../../../arm-none-eabi/lib/thumb/v6-m/nofp/libg.a(libc_a-sbrkr.o)
                              /home/fabio/.pico-sdk/toolchain/14_2_Rel1/bin/../lib/gcc/arm-none-eabi/14.2.1/../../../../arm-none-eabi/lib/thumb/v6-m/nofp/libg.a(libc_a-mallocr.o) (_sbrk_r)
/home/fabio/.pico-sdk/toolchain/14_2_Rel1/bin/../lib/gcc/arm-none-eabi/14.2.1/../../../../arm-none-eabi/lib/thumb/v6-m/nofp/libg.a(libc_a-errno.o)
                              /home/fabio/.pico-sdk/toolchain/14_2_Rel1/bin/../lib/gcc/arm-none-eabi/14.2.1/../../../../arm-none-eabi/lib/thumb/v6-m/nofp/libg.a(libc_a-callocr.o) (__errno)
/home/fabio/.pico-sdk/toolchain/14_2_Rel1/bin/../lib/gcc/arm-none-eabi/14.2.1/../../../../arm-none-eabi/lib/thumb/v6-m/nofp/libg.a(libc_a-init.o)
                              /home/fabio/.pico-sdk/toolchain/14_2_Rel1/bin/../lib/gcc/arm-none-eabi/14.2.1/../../../../arm-none-eabi/lib/thumb/v6-m/nofp/crt0.o (__libc_init_array)
/home/fabio/.pico-sdk/toolchain/14_2_Rel1/bin/../lib/gcc/arm-none-eabi/14.2.1/../../../../arm-none-eabi/lib/thumb/v6-m/nofp/libg.a(libc_a-lock.o)
[...]
Memory Configuration

Name             Origin             Length             Attributes
FLASH            0x10000000         0x00200000         xr
RAM              0x20000000         0x00040000         xrw
SCRATCH_X        0x20040000         0x00001000         xrw
SCRATCH_Y        0x20041000         0x00001000         xrw
*default*        0x00000000         0xffffffff

Linker script and memory map

LOAD /home/fabio/.pico-sdk/toolchain/14_2_Rel1/bin/../lib/gcc/arm-none-eabi/14.2.1/thumb/v6-m/nofp/crti.o
LOAD /home/fabio/.pico-sdk/toolchain/14_2_Rel1/bin/../lib/gcc/arm-none-eabi/14.2.1/thumb/v6-m/nofp/crtbegin.o
LOAD /home/fabio/.pico-sdk/toolchain/14_2_Rel1/bin/../lib/gcc/arm-none-eabi/14.2.1/../../../../arm-none-eabi/lib/thumb/v6-m/nofp/crt0.o

.flash_begin    0x10000000        0x0
                0x10000000                        __flash_binary_start = .

.boot2          0x10000000      0x100
                0x10000000                        __boot2_start__ = .
 *(.boot2)
 .boot2         0x10000000      0x100 /tmp/ccJBEeVu.o
                0x10000100                        __boot2_end__ = .
                0x00000001                        ASSERT (((__boot2_end__ - __boot2_start__) == 0x100), ERROR: Pico second stage bootloader must be 256 bytes in size)

.text           0x10000100     0x21f8
                0x10000100                        __logical_binary_start = .
 *(.vectors)
 .vectors       0x10000100       0xd4 CMakeFiles/picow_blink.dir/home/fabio/.pico-sdk/sdk/1.5.1/src/rp2_common/pico_standard_link/crt0.S.obj
                0x10000100                __vectors
                0x10000100                __VECTOR_TABLE
                0x100001c0                isr_invalid
                0x100001c0                __default_isrs_start
                0x100001c2                isr_nmi
                0x100001c4                isr_hardfault
                0x100001c6                isr_svcall
                0x100001c8                isr_pendsv
                0x100001ca                isr_systick
                0x100001cc                isr_irq30
                0x100001cc                __unhandled_user_irq
                0x100001cc                isr_irq13
                0x100001cc                isr_irq27
                0x100001cc                isr_irq31
                0x100001cc                isr_irq5
                0x100001cc                isr_irq11
                0x100001cc                isr_irq23
                0x100001cc                isr_irq18
                0x100001cc                isr_irq28
                0x100001cc                isr_irq19
                0x100001cc                isr_irq0
                0x100001cc                isr_irq6
                0x100001cc                isr_irq22
                0x100001cc                isr_irq17
                0x100001cc                isr_irq14
                0x100001cc                isr_irq2
                0x100001cc                isr_irq10
                0x100001cc                isr_irq8
                0x100001cc                isr_irq24
                0x100001cc                isr_irq1
                0x100001cc                isr_irq7
                0x100001cc                isr_irq21
                0x100001cc                isr_irq20
                0x100001cc                isr_irq15
                0x100001cc                isr_irq25
                0x100001cc                isr_irq4
                0x100001cc                isr_irq16
                0x100001cc                isr_irq29
                0x100001cc                isr_irq26
                0x100001cc                __default_isrs_end
                0x100001cc                isr_irq3
                0x100001cc                isr_irq12
                0x100001cc                isr_irq9
                0x100001d2                unhandled_user_irq_num_in_r0
 *(.binary_info_header)
 .binary_info_header
                0x100001d4       0x14 CMakeFiles/picow_blink.dir/home/fabio/.pico-sdk/sdk/1.5.1/src/rp2_common/pico_standard_link/crt0.S.obj
                0x100001e8                        __binary_info_header_end = .
 *(.reset)
 .reset         0x100001e8       0xa0 CMakeFiles/picow_blink.dir/home/fabio/.pico-sdk/sdk/1.5.1/src/rp2_common/pico_standard_link/crt0.S.obj
                0x100001e8                _entry_point
 .reset         0x10000288       0x30 CMakeFiles/picow_blink.dir/home/fabio/.pico-sdk/sdk/1.5.1/src/rp2_common/pico_standard_link/binary_info.c.obj
 *(.init)
 .init          0x100002b8        0x4 /home/fabio/.pico-sdk/toolchain/14_2_Rel1/bin/../lib/gcc/arm-none-eabi/14.2.1/thumb/v6-m/nofp/crti.o
                0x100002b8                _init
 *(EXCLUDE_FILE(*libm.a: *libc.a:*lib_a-mem*.o *libgcc.a:) .text*)
 .text.register_tm_clones
                0x100002bc       0x28 /home/fabio/.pico-sdk/toolchain/14_2_Rel1/bin/../lib/gcc/arm-none-eabi/14.2.1/thumb/v6-m/nofp/crtbegin.o
 .text.frame_dummy
                0x100002e4       0x24 /home/fabio/.pico-sdk/toolchain/14_2_Rel1/bin/../lib/gcc/arm-none-eabi/14.2.1/thumb/v6-m/nofp/crtbegin.o
 .text.startup.main
                0x10000308       0x1c CMakeFiles/picow_blink.dir/app/main.c.obj
                0x10000308                main
 .text.gpio_set_function
                0x10000324       0x30 CMakeFiles/picow_blink.dir/home/fabio/.pico-sdk/sdk/1.5.1/src/rp2_common/hardware_gpio/gpio.c.obj
                0x10000324                gpio_set_function
 .text.running_on_fpga
                0x10000354       0x10 CMakeFiles/picow_blink.dir/home/fabio/.pico-sdk/sdk/1.5.1/src/rp2_common/pico_platform/platform.c.obj
                0x10000354                running_on_fpga
 .text.hw_claim_or_assert
                0x10000364       0x44 CMakeFiles/picow_blink.dir/home/fabio/.pico-sdk/sdk/1.5.1/src/rp2_common/hardware_claim/claim.c.obj
                0x10000364                hw_claim_or_assert
 .text.spin_locks_reset
                0x100003a8       0x1c CMakeFiles/picow_blink.dir/home/fabio/.pico-sdk/sdk/1.5.1/src/rp2_common/hardware_sync/sync.c.obj
                0x100003a8                spin_locks_reset
 .text.next_striped_spin_lock_num
                0x100003c4       0x18 CMakeFiles/picow_blink.dir/home/fabio/.pico-sdk/sdk/1.5.1/src/rp2_common/hardware_sync/sync.c.obj
                0x100003c4                next_striped_spin_lock_num
 .text.irq_set_enabled
                0x100003dc       0x24 CMakeFiles/picow_blink.dir/home/fabio/.pico-sdk/sdk/1.5.1/src/rp2_common/hardware_irq/irq.c.obj
                0x100003dc                irq_set_enabled
 .text.irq_get_vtable_handler
                0x10000400       0x10 CMakeFiles/picow_blink.dir/home/fabio/.pico-sdk/sdk/1.5.1/src/rp2_common/hardware_irq/irq.c.obj
                0x10000400                irq_get_vtable_handler
 .text.irq_set_exclusive_handler
                0x10000410       0x54 CMakeFiles/picow_blink.dir/home/fabio/.pico-sdk/sdk/1.5.1/src/rp2_common/hardware_irq/irq.c.obj
                0x10000410                irq_set_exclusive_handler
 .text.irq_remove_handler
                0x10000464      0x1bc CMakeFiles/picow_blink.dir/home/fabio/.pico-sdk/sdk/1.5.1/src/rp2_common/hardware_irq/irq.c.obj
                0x10000464                irq_remove_handler
 .text.irq_add_tail_to_free_list
                0x10000620       0xb4 CMakeFiles/picow_blink.dir/home/fabio/.pico-sdk/sdk/1.5.1/src/rp2_common/hardware_irq/irq.c.obj
                0x10000620                irq_add_tail_to_free_list
 .text.irq_init_priorities
                0x100006d4       0x24 CMakeFiles/picow_blink.dir/home/fabio/.pico-sdk/sdk/1.5.1/src/rp2_common/hardware_irq/irq.c.obj
                0x100006d4                irq_init_priorities
 .text.lock_init
                0x100006f8       0x10 CMakeFiles/picow_blink.dir/home/fabio/.pico-sdk/sdk/1.5.1/src/common/pico_sync/lock_core.c.obj
                0x100006f8                lock_init
 .text.mutex_init
                0x10000708       0x1c CMakeFiles/picow_blink.dir/home/fabio/.pico-sdk/sdk/1.5.1/src/common/pico_sync/mutex.c.obj
                0x10000708                mutex_init
 .text.recursive_mutex_init
                0x10000724       0x1c CMakeFiles/picow_blink.dir/home/fabio/.pico-sdk/sdk/1.5.1/src/common/pico_sync/mutex.c.obj
                0x10000724                recursive_mutex_init
 .text.timer_pool_entry_comparator
                0x10000740       0x34 CMakeFiles/picow_blink.dir/home/fabio/.pico-sdk/sdk/1.5.1/src/common/pico_time/time.c.obj
                0x10000740                timer_pool_entry_comparator
 .text.sleep_until_callback
                0x10000774       0x30 CMakeFiles/picow_blink.dir/home/fabio/.pico-sdk/sdk/1.5.1/src/common/pico_time/time.c.obj
 .text.add_alarm_under_lock.isra.0
                0x100007a4      0x100 CMakeFiles/picow_blink.dir/home/fabio/.pico-sdk/sdk/1.5.1/src/common/pico_time/time.c.obj
 .text.alarm_pool_alarm_callback
                0x100008a4      0x1a8 CMakeFiles/picow_blink.dir/home/fabio/.pico-sdk/sdk/1.5.1/src/common/pico_time/time.c.obj
 .text.alarm_pool_init_default
                0x10000a4c       0x6c CMakeFiles/picow_blink.dir/home/fabio/.pico-sdk/sdk/1.5.1/src/common/pico_time/time.c.obj
                0x10000a4c                alarm_pool_init_default
 .text.alarm_pool_add_alarm_at
                0x10000ab8      0x174 CMakeFiles/picow_blink.dir/home/fabio/.pico-sdk/sdk/1.5.1/src/common/pico_time/time.c.obj
                0x10000ab8                alarm_pool_add_alarm_at
 .text.sleep_ms
                0x10000c2c       0xec CMakeFiles/picow_blink.dir/home/fabio/.pico-sdk/sdk/1.5.1/src/common/pico_time/time.c.obj
                0x10000c2c                sleep_ms
 .text.best_effort_wfe_or_timeout
                0x10000d18       0xe0 CMakeFiles/picow_blink.dir/home/fabio/.pico-sdk/sdk/1.5.1/src/common/pico_time/time.c.obj
                0x10000d18                best_effort_wfe_or_timeout
 .text.hardware_alarm_irq_handler
                0x10000df8       0xbc CMakeFiles/picow_blink.dir/home/fabio/.pico-sdk/sdk/1.5.1/src/rp2_common/hardware_timer/timer.c.obj
 .text.hardware_alarm_claim
                0x10000eb4       0x18 CMakeFiles/picow_blink.dir/home/fabio/.pico-sdk/sdk/1.5.1/src/rp2_common/hardware_timer/timer.c.obj
                0x10000eb4                hardware_alarm_claim
 .text.time_us_64
                0x10000ecc       0x14 CMakeFiles/picow_blink.dir/home/fabio/.pico-sdk/sdk/1.5.1/src/rp2_common/hardware_timer/timer.c.obj
                0x10000ecc                time_us_64
 .text.busy_wait_us
                0x10000ee0       0x68 CMakeFiles/picow_blink.dir/home/fabio/.pico-sdk/sdk/1.5.1/src/rp2_common/hardware_timer/timer.c.obj
                0x10000ee0                busy_wait_us
 .text.busy_wait_until
                0x10000f48       0x20 CMakeFiles/picow_blink.dir/home/fabio/.pico-sdk/sdk/1.5.1/src/rp2_common/hardware_timer/timer.c.obj
                0x10000f48                busy_wait_until
 .text.hardware_alarm_set_callback
                0x10000f68       0x8c CMakeFiles/picow_blink.dir/home/fabio/.pico-sdk/sdk/1.5.1/src/rp2_common/hardware_timer/timer.c.obj
                0x10000f68                hardware_alarm_set_callback
 .text.hardware_alarm_set_target
                0x10000ff4       0xd0 CMakeFiles/picow_blink.dir/home/fabio/.pico-sdk/sdk/1.5.1/src/rp2_common/hardware_timer/timer.c.obj
                0x10000ff4                hardware_alarm_set_target
 .text.hardware_alarm_cancel
                0x100010c4       0x3c CMakeFiles/picow_blink.dir/home/fabio/.pico-sdk/sdk/1.5.1/src/rp2_common/hardware_timer/timer.c.obj
                0x100010c4                hardware_alarm_cancel
 .text.ph_merge_nodes
                0x10001100       0x50 CMakeFiles/picow_blink.dir/home/fabio/.pico-sdk/sdk/1.5.1/src/common/pico_util/pheap.c.obj
 .text.ph_post_alloc_init
                0x10001150       0x3c CMakeFiles/picow_blink.dir/home/fabio/.pico-sdk/sdk/1.5.1/src/common/pico_util/pheap.c.obj
                0x10001150                ph_post_alloc_init
 .text.ph_merge_two_pass
                0x1000118c       0x88 CMakeFiles/picow_blink.dir/home/fabio/.pico-sdk/sdk/1.5.1/src/common/pico_util/pheap.c.obj
                0x1000118c                ph_merge_two_pass
 .text.ph_remove_any_head
                0x10001214      0x124 CMakeFiles/picow_blink.dir/home/fabio/.pico-sdk/sdk/1.5.1/src/common/pico_util/pheap.c.obj
 .text.ph_remove_head
                0x10001338      0x128 CMakeFiles/picow_blink.dir/home/fabio/.pico-sdk/sdk/1.5.1/src/common/pico_util/pheap.c.obj
                0x10001338                ph_remove_head
 .text.ph_remove_and_free_node
                0x10001460       0x78 CMakeFiles/picow_blink.dir/home/fabio/.pico-sdk/sdk/1.5.1/src/common/pico_util/pheap.c.obj
                0x10001460                ph_remove_and_free_node
 .text.uart_init
                0x100014d8      0x190 CMakeFiles/picow_blink.dir/home/fabio/.pico-sdk/sdk/1.5.1/src/rp2_common/hardware_uart/uart.c.obj
                0x100014d8                uart_init
 .text.clocks_init
                0x10001668      0x2c8 CMakeFiles/picow_blink.dir/home/fabio/.pico-sdk/sdk/1.5.1/src/rp2_common/hardware_clocks/clocks.c.obj
                0x10001668                clocks_init
 .text.clock_get_hz
                0x10001930        0xc CMakeFiles/picow_blink.dir/home/fabio/.pico-sdk/sdk/1.5.1/src/rp2_common/hardware_clocks/clocks.c.obj
                0x10001930                clock_get_hz
 .text.pll_init
                0x1000193c       0xa4 CMakeFiles/picow_blink.dir/home/fabio/.pico-sdk/sdk/1.5.1/src/rp2_common/hardware_pll/pll.c.obj
                0x1000193c                pll_init
 .text.watchdog_start_tick
                0x100019e0       0x10 CMakeFiles/picow_blink.dir/home/fabio/.pico-sdk/sdk/1.5.1/src/rp2_common/hardware_watchdog/watchdog.c.obj
                0x100019e0                watchdog_start_tick
 .text.xosc_init
                0x100019f0       0x28 CMakeFiles/picow_blink.dir/home/fabio/.pico-sdk/sdk/1.5.1/src/rp2_common/hardware_xosc/xosc.c.obj
                0x100019f0                xosc_init
 .text.runtime_init
                0x10001a18       0xf0 CMakeFiles/picow_blink.dir/home/fabio/.pico-sdk/sdk/1.5.1/src/rp2_common/pico_runtime/runtime.c.obj
                0x10001a18                runtime_init
 .text._exit    0x10001b08        0x4 CMakeFiles/picow_blink.dir/home/fabio/.pico-sdk/sdk/1.5.1/src/rp2_common/pico_runtime/runtime.c.obj
                0x10001b08                _exit
 .text.exit     0x10001b0c        0x8 CMakeFiles/picow_blink.dir/home/fabio/.pico-sdk/sdk/1.5.1/src/rp2_common/pico_runtime/runtime.c.obj
                0x10001b0c                exit
 .text.panic    0x10001b14       0x30 CMakeFiles/picow_blink.dir/home/fabio/.pico-sdk/sdk/1.5.1/src/rp2_common/pico_runtime/runtime.c.obj
                0x10001b14                panic
 .text.hard_assertion_failure
                0x10001b44        0xc CMakeFiles/picow_blink.dir/home/fabio/.pico-sdk/sdk/1.5.1/src/rp2_common/pico_runtime/runtime.c.obj
                0x10001b44                hard_assertion_failure
 .text._out_char
                0x10001b50       0x10 CMakeFiles/picow_blink.dir/home/fabio/.pico-sdk/sdk/1.5.1/src/rp2_common/pico_printf/printf.c.obj
 .text.weak_raw_vprintf
                0x10001b60       0x30 CMakeFiles/picow_blink.dir/home/fabio/.pico-sdk/sdk/1.5.1/src/rp2_common/pico_printf/printf.c.obj
                0x10001b60                weak_raw_vprintf
 .text          0x10001b90       0x10 CMakeFiles/picow_blink.dir/home/fabio/.pico-sdk/sdk/1.5.1/src/rp2_common/pico_bit_ops/bit_ops_aeabi.S.obj
 .text.rom_func_lookup
                0x10001ba0       0x10 CMakeFiles/picow_blink.dir/home/fabio/.pico-sdk/sdk/1.5.1/src/rp2_common/pico_bootrom/bootrom.c.obj
                0x10001ba0                rom_func_lookup
 .text.rom_data_lookup
                0x10001bb0       0x10 CMakeFiles/picow_blink.dir/home/fabio/.pico-sdk/sdk/1.5.1/src/rp2_common/pico_bootrom/bootrom.c.obj
                0x10001bb0                rom_data_lookup
 .text.rom_funcs_lookup
                0x10001bc0       0x44 CMakeFiles/picow_blink.dir/home/fabio/.pico-sdk/sdk/1.5.1/src/rp2_common/pico_bootrom/bootrom.c.obj
                0x10001bc0                rom_funcs_lookup
 .text.__wrap___aeabi_uidiv
                0x10001c04       0x4c CMakeFiles/picow_blink.dir/home/fabio/.pico-sdk/sdk/1.5.1/src/rp2_common/pico_divider/divider.S.obj
                0x10001c04                __wrap___aeabi_uidiv
                0x10001c04                __wrap___aeabi_uidivmod
                0x10001c04                div_u32u32
                0x10001c04                divmod_u32u32
                0x10001c0c                divmod_u32u32_unsafe
                0x10001c34                divmod_u32u32_savestate
 .text.missing_double_func_shim
                0x10001c50        0xc CMakeFiles/picow_blink.dir/home/fabio/.pico-sdk/sdk/1.5.1/src/rp2_common/pico_double/double_init_rom.c.obj
 .text.__aeabi_double_init
                0x10001c5c       0x94 CMakeFiles/picow_blink.dir/home/fabio/.pico-sdk/sdk/1.5.1/src/rp2_common/pico_double/double_init_rom.c.obj
                0x10001c5c                __aeabi_double_init
 .text.double_table_shim_on_use_helper
                0x10001cf0       0x2c CMakeFiles/picow_blink.dir/home/fabio/.pico-sdk/sdk/1.5.1/src/rp2_common/pico_double/double_v1_rom_shim.S.obj
                0x10001cf0                double_table_shim_on_use_helper
 .text.__aeabi_lmul
                0x10001d1c       0x32 CMakeFiles/picow_blink.dir/home/fabio/.pico-sdk/sdk/1.5.1/src/rp2_common/pico_int64_ops/pico_int64_ops_aeabi.S.obj
                0x10001d1c                __wrap___aeabi_lmul
 *fill*         0x10001d4e        0x2 
 .text.missing_float_func_shim
                0x10001d50        0xc CMakeFiles/picow_blink.dir/home/fabio/.pico-sdk/sdk/1.5.1/src/rp2_common/pico_float/float_init_rom.c.obj
 .text.__aeabi_float_init
                0x10001d5c       0x5c CMakeFiles/picow_blink.dir/home/fabio/.pico-sdk/sdk/1.5.1/src/rp2_common/pico_float/float_init_rom.c.obj
                0x10001d5c                __aeabi_float_init
 .text          0x10001db8       0x10 CMakeFiles/picow_blink.dir/home/fabio/.pico-sdk/sdk/1.5.1/src/rp2_common/pico_mem_ops/mem_ops_aeabi.S.obj
                0x10001db8                __aeabi_mem_init
 .text.memset   0x10001dc8        0xc CMakeFiles/picow_blink.dir/home/fabio/.pico-sdk/sdk/1.5.1/src/rp2_common/pico_mem_ops/mem_ops_aeabi.S.obj
                0x10001dc8                __wrap_memset
 .text.memcpy   0x10001dd4        0xc CMakeFiles/picow_blink.dir/home/fabio/.pico-sdk/sdk/1.5.1/src/rp2_common/pico_mem_ops/mem_ops_aeabi.S.obj
                0x10001dd4                __wrap___aeabi_memcpy
                0x10001dd4                __wrap_memcpy
 .text.stdio_out_chars_crlf
                0x10001de0       0xb0 CMakeFiles/picow_blink.dir/home/fabio/.pico-sdk/sdk/1.5.1/src/rp2_common/pico_stdio/stdio.c.obj
 .text.__wrap_putchar
                0x10001e90       0x94 CMakeFiles/picow_blink.dir/home/fabio/.pico-sdk/sdk/1.5.1/src/rp2_common/pico_stdio/stdio.c.obj
                0x10001e90                __wrap_putchar
 .text.__wrap_puts
                0x10001f24       0xd4 CMakeFiles/picow_blink.dir/home/fabio/.pico-sdk/sdk/1.5.1/src/rp2_common/pico_stdio/stdio.c.obj
                0x10001f24                __wrap_puts
 .text.stdio_set_driver_enabled
                0x10001ff8       0x30 CMakeFiles/picow_blink.dir/home/fabio/.pico-sdk/sdk/1.5.1/src/rp2_common/pico_stdio/stdio.c.obj
                0x10001ff8                stdio_set_driver_enabled
 .text.stdio_init_all
                0x10002028        0xc CMakeFiles/picow_blink.dir/home/fabio/.pico-sdk/sdk/1.5.1/src/rp2_common/pico_stdio/stdio.c.obj
                0x10002028                stdio_init_all
 .text.stdio_uart_out_chars
                0x10002034       0x4c CMakeFiles/picow_blink.dir/home/fabio/.pico-sdk/sdk/1.5.1/src/rp2_common/pico_stdio_uart/stdio_uart.c.obj
 .text.stdio_uart_in_chars
                0x10002080       0x90 CMakeFiles/picow_blink.dir/home/fabio/.pico-sdk/sdk/1.5.1/src/rp2_common/pico_stdio_uart/stdio_uart.c.obj
                0x10002080                stdio_uart_in_chars
 .text.on_uart_rx
                0x10002110       0x28 CMakeFiles/picow_blink.dir/home/fabio/.pico-sdk/sdk/1.5.1/src/rp2_common/pico_stdio_uart/stdio_uart.c.obj
 .text.stdio_uart_set_chars_available_callback
                0x10002138       0x8c CMakeFiles/picow_blink.dir/home/fabio/.pico-sdk/sdk/1.5.1/src/rp2_common/pico_stdio_uart/stdio_uart.c.obj
 .text.stdio_uart_init
                0x100021c4       0x48 CMakeFiles/picow_blink.dir/home/fabio/.pico-sdk/sdk/1.5.1/src/rp2_common/pico_stdio_uart/stdio_uart.c.obj
                0x100021c4                stdio_uart_init
 .text.startup._retrieve_unique_id_on_boot
                0x1000220c       0x10 CMakeFiles/picow_blink.dir/home/fabio/.pico-sdk/sdk/1.5.1/src/rp2_common/pico_unique_id/unique_id.c.obj
 .text.flash_get_unique_id
                0x1000221c       0x3c CMakeFiles/picow_blink.dir/home/fabio/.pico-sdk/sdk/1.5.1/src/rp2_common/hardware_flash/flash.c.obj
                0x1000221c                flash_get_unique_id
 .text.strlen   0x10002258       0x5c /home/fabio/.pico-sdk/toolchain/14_2_Rel1/bin/../lib/gcc/arm-none-eabi/14.2.1/../../../../arm-none-eabi/lib/thumb/v6-m/nofp/libg.a(libc_a-strlen-stub.o)
                0x10002258                strlen
 *(.fini)
 .fini          0x100022b4        0x4 /home/fabio/.pico-sdk/toolchain/14_2_Rel1/bin/../lib/gcc/arm-none-eabi/14.2.1/thumb/v6-m/nofp/crti.o
                0x100022b4                _fini
 .fini.__stub   0x100022b8       0x40 linker stubs
 *crtbegin.o(.ctors)
 *crtbegin?.o(.ctors)
 *(EXCLUDE_FILE(*crtend.o *crtend?.o) .ctors)
 *(SORT_BY_NAME(.ctors.*))
 *(.ctors)
 *crtbegin.o(.dtors)
 *crtbegin?.o(.dtors)
 *(EXCLUDE_FILE(*crtend.o *crtend?.o) .dtors)
 *(SORT_BY_NAME(.dtors.*))
 *(.dtors)
 *(.eh_frame*)
 .eh_frame      0x100022f8        0x0 /home/fabio/.pico-sdk/toolchain/14_2_Rel1/bin/../lib/gcc/arm-none-eabi/14.2.1/thumb/v6-m/nofp/crtbegin.o
                0x100022f8                        . = ALIGN (0x4)

.glue_7         0x100022f8        0x0
 .glue_7        0x100022f8        0x0 linker stubs

.glue_7t        0x100022f8        0x0
 .glue_7t       0x100022f8        0x0 linker stubs

.vfp11_veneer   0x100022f8        0x0
 .vfp11_veneer  0x100022f8        0x0 linker stubs

.v4_bx          0x100022f8        0x0
 .v4_bx         0x100022f8        0x0 linker stubs

.iplt           0x100022f8        0x0
 .iplt          0x100022f8        0x0 /home/fabio/.pico-sdk/toolchain/14_2_Rel1/bin/../lib/gcc/arm-none-eabi/14.2.1/thumb/v6-m/nofp/crtbegin.o

.rodata         0x100022f8      0x118
 *(EXCLUDE_FILE(*libm.a: *libc.a:*lib_a-mem*.o *libgcc.a:) .rodata*)
 .rodata.main.str1.4
                0x100022f8       0xdc CMakeFiles/picow_blink.dir/app/main.c.obj
                                  0xe (size before relaxing)
 .rodata.hardware_alarm_claim.str1.4
                0x100023d4       0x22 CMakeFiles/picow_blink.dir/home/fabio/.pico-sdk/sdk/1.5.1/src/rp2_common/hardware_timer/timer.c.obj
 .rodata.panic.str1.4
                0x100023d4       0x12 CMakeFiles/picow_blink.dir/home/fabio/.pico-sdk/sdk/1.5.1/src/rp2_common/pico_runtime/runtime.c.obj
 .rodata.hard_assertion_failure.str1.4
                0x100023d4        0xc CMakeFiles/picow_blink.dir/home/fabio/.pico-sdk/sdk/1.5.1/src/rp2_common/pico_runtime/runtime.c.obj
 .rodata.missing_double_func_shim.str1.4
                0x100023d4       0x18 CMakeFiles/picow_blink.dir/home/fabio/.pico-sdk/sdk/1.5.1/src/rp2_common/pico_double/double_init_rom.c.obj
 .rodata.missing_float_func_shim.str1.4
                0x100023d4        0x1 CMakeFiles/picow_blink.dir/home/fabio/.pico-sdk/sdk/1.5.1/src/rp2_common/pico_float/float_init_rom.c.obj
 .rodata.str1.4
                0x100023d4       0x40 CMakeFiles/picow_blink.dir/home/fabio/.pico-sdk/sdk/1.5.1/src/rp2_common/pico_standard_link/binary_info.c.obj
 .rodata.__bi_81
                0x100023d4        0xc CMakeFiles/picow_blink.dir/home/fabio/.pico-sdk/sdk/1.5.1/src/rp2_common/pico_standard_link/binary_info.c.obj
 .rodata.__bi_75
                0x100023e0        0xc CMakeFiles/picow_blink.dir/home/fabio/.pico-sdk/sdk/1.5.1/src/rp2_common/pico_standard_link/binary_info.c.obj
 .rodata.__bi_44
                0x100023ec        0xc CMakeFiles/picow_blink.dir/home/fabio/.pico-sdk/sdk/1.5.1/src/rp2_common/pico_standard_link/binary_info.c.obj
 .rodata.crlf_str.0
                0x100023f8        0x2 CMakeFiles/picow_blink.dir/home/fabio/.pico-sdk/sdk/1.5.1/src/rp2_common/pico_stdio/stdio.c.obj
 .rodata.str1.4
                0x100023fa       0x2c CMakeFiles/picow_blink.dir/home/fabio/.pico-sdk/sdk/1.5.1/src/rp2_common/pico_stdio_uart/stdio_uart.c.obj
 *fill*         0x100023fa        0x2 
 .rodata.__bi_33.4
                0x100023fc        0xc CMakeFiles/picow_blink.dir/home/fabio/.pico-sdk/sdk/1.5.1/src/rp2_common/pico_stdio_uart/stdio_uart.c.obj
 .rodata.__bi_34.5
                0x10002408        0x8 CMakeFiles/picow_blink.dir/home/fabio/.pico-sdk/sdk/1.5.1/src/rp2_common/pico_stdio_uart/stdio_uart.c.obj
                0x10002410                        . = ALIGN (0x4)
 *(SORT_BY_ALIGNMENT(SORT_BY_NAME(.flashdata*)))
                0x10002410                        . = ALIGN (0x4)

.ARM.extab
 *(.ARM.extab* .gnu.linkonce.armextab.*)
                0x10002410                        __exidx_start = .

.ARM.exidx
 *(.ARM.exidx* .gnu.linkonce.armexidx.*)
                0x10002410                        __exidx_end = .
                0x10002410                        . = ALIGN (0x4)
                0x10002410                        __binary_info_start = .

.binary_info    0x10002410       0x24
 *(.binary_info.keep.*)
 .binary_info.keep.__bi_ptr81
                0x10002410        0x4 CMakeFiles/picow_blink.dir/home/fabio/.pico-sdk/sdk/1.5.1/src/rp2_common/pico_standard_link/binary_info.c.obj
 .binary_info.keep.__bi_ptr75
                0x10002414        0x4 CMakeFiles/picow_blink.dir/home/fabio/.pico-sdk/sdk/1.5.1/src/rp2_common/pico_standard_link/binary_info.c.obj
 .binary_info.keep.__bi_ptr50
                0x10002418        0x4 CMakeFiles/picow_blink.dir/home/fabio/.pico-sdk/sdk/1.5.1/src/rp2_common/pico_standard_link/binary_info.c.obj
 .binary_info.keep.__bi_ptr44
                0x1000241c        0x4 CMakeFiles/picow_blink.dir/home/fabio/.pico-sdk/sdk/1.5.1/src/rp2_common/pico_standard_link/binary_info.c.obj
 .binary_info.keep.__bi_ptr38
                0x10002420        0x4 CMakeFiles/picow_blink.dir/home/fabio/.pico-sdk/sdk/1.5.1/src/rp2_common/pico_standard_link/binary_info.c.obj
 .binary_info.keep.__bi_ptr30
                0x10002424        0x4 CMakeFiles/picow_blink.dir/home/fabio/.pico-sdk/sdk/1.5.1/src/rp2_common/pico_standard_link/binary_info.c.obj
 .binary_info.keep.__bi_ptr22
                0x10002428        0x4 CMakeFiles/picow_blink.dir/home/fabio/.pico-sdk/sdk/1.5.1/src/rp2_common/pico_standard_link/binary_info.c.obj
 *(.binary_info.*)
 .binary_info.__bi_ptr34
                0x1000242c        0x4 CMakeFiles/picow_blink.dir/home/fabio/.pico-sdk/sdk/1.5.1/src/rp2_common/pico_stdio_uart/stdio_uart.c.obj
 .binary_info.__bi_ptr33
                0x10002430        0x4 CMakeFiles/picow_blink.dir/home/fabio/.pico-sdk/sdk/1.5.1/src/rp2_common/pico_stdio_uart/stdio_uart.c.obj
                0x10002434                        __binary_info_end = .

.rel.dyn        0x10002434        0x0
 .rel.iplt      0x10002434        0x0 /home/fabio/.pico-sdk/toolchain/14_2_Rel1/bin/../lib/gcc/arm-none-eabi/14.2.1/thumb/v6-m/nofp/crtbegin.o
                0x10002434                        . = ALIGN (0x4)

.ram_vector_table
                0x20000000       0xc0
 *(.ram_vector_table)
 .ram_vector_table
                0x20000000       0xc0 CMakeFiles/picow_blink.dir/home/fabio/.pico-sdk/sdk/1.5.1/src/rp2_common/pico_runtime/runtime.c.obj
                0x20000000                ram_vector_table

.data           0x200000c0      0x348 load address 0x10002434
                0x200000c0                        __data_start__ = .
 *(vtable)
 *(.time_critical*)
 .time_critical.mutex_try_enter_block_until
                0x200000c0       0x98 CMakeFiles/picow_blink.dir/home/fabio/.pico-sdk/sdk/1.5.1/src/common/pico_sync/mutex.c.obj
                0x200000c0                mutex_try_enter_block_until
 .time_critical.mutex_exit
                0x20000158       0x28 CMakeFiles/picow_blink.dir/home/fabio/.pico-sdk/sdk/1.5.1/src/common/pico_sync/mutex.c.obj
                0x20000158                mutex_exit
 .time_critical.flash_init_boot2_copyout
                0x20000180       0x30 CMakeFiles/picow_blink.dir/home/fabio/.pico-sdk/sdk/1.5.1/src/rp2_common/hardware_flash/flash.c.obj
 .time_critical.flash_enable_xip_via_boot2
                0x200001b0        0xc CMakeFiles/picow_blink.dir/home/fabio/.pico-sdk/sdk/1.5.1/src/rp2_common/hardware_flash/flash.c.obj
 .time_critical.flash_cs_force
                0x200001bc       0x38 CMakeFiles/picow_blink.dir/home/fabio/.pico-sdk/sdk/1.5.1/src/rp2_common/hardware_flash/flash.c.obj
 .time_critical.flash_do_cmd
                0x200001f4      0x130 CMakeFiles/picow_blink.dir/home/fabio/.pico-sdk/sdk/1.5.1/src/rp2_common/hardware_flash/flash.c.obj
                0x200001f4                flash_do_cmd
 *(.text*)
 .text          0x20000324        0x4 /home/fabio/.pico-sdk/toolchain/14_2_Rel1/bin/../lib/gcc/arm-none-eabi/14.2.1/thumb/v6-m/nofp/libgcc.a(_dvmd_tls.o)
                0x20000324                __aeabi_ldiv0
                0x20000324                __aeabi_idiv0
 .text.__stub   0x20000328       0x10 linker stubs
                0x20000338                        . = ALIGN (0x4)
 *(.rodata*)
                0x20000338                        . = ALIGN (0x4)
 *(.data*)
 .data.striped_spin_lock_num
                0x20000338        0x1 CMakeFiles/picow_blink.dir/home/fabio/.pico-sdk/sdk/1.5.1/src/rp2_common/hardware_sync/sync.c.obj
 *fill*         0x20000339        0x3 
 .data          0x2000033c       0x48 CMakeFiles/picow_blink.dir/home/fabio/.pico-sdk/sdk/1.5.1/src/rp2_common/hardware_irq/irq_handler_chain.S.obj
                0x2000033c                irq_handler_chain_slots
                0x2000036c                irq_handler_chain_first_slot
                0x20000376                irq_handler_chain_remove_tail
 .data.default_alarm_pool
                0x20000384       0x18 CMakeFiles/picow_blink.dir/home/fabio/.pico-sdk/sdk/1.5.1/src/common/pico_time/time.c.obj
 .data.default_alarm_pool_heap
                0x2000039c       0x10 CMakeFiles/picow_blink.dir/home/fabio/.pico-sdk/sdk/1.5.1/src/common/pico_time/time.c.obj
 *fill*         0x200003ac        0x4 
 .data.aeabi_bits_funcs
                0x200003b0       0x10 CMakeFiles/picow_blink.dir/home/fabio/.pico-sdk/sdk/1.5.1/src/rp2_common/pico_bit_ops/bit_ops_aeabi.S.obj
                0x200003b0                aeabi_bits_funcs
                0x200003c0                aeabi_bits_funcs_end
 .data.aeabi_mem_funcs
                0x200003c0       0x10 CMakeFiles/picow_blink.dir/home/fabio/.pico-sdk/sdk/1.5.1/src/rp2_common/pico_mem_ops/mem_ops_aeabi.S.obj
                0x200003c0                aeabi_mem_funcs
                0x200003d0                aeabi_mem_funcs_end
 .data.stdio_uart
                0x200003d0       0x18 CMakeFiles/picow_blink.dir/home/fabio/.pico-sdk/sdk/1.5.1/src/rp2_common/pico_stdio_uart/stdio_uart.c.obj
                0x200003d0                stdio_uart
                0x200003e8                        . = ALIGN (0x4)
 *(.after_data.*)
                0x200003e8                        . = ALIGN (0x4)
                0x200003e8                        PROVIDE (__mutex_array_start = .)
 *(SORT_BY_NAME(.mutex_array.*))
 *(.mutex_array)
 .mutex_array   0x200003e8        0x8 CMakeFiles/picow_blink.dir/home/fabio/.pico-sdk/sdk/1.5.1/src/rp2_common/pico_stdio/stdio.c.obj
                0x200003f0                        PROVIDE (__mutex_array_end = .)
                0x200003f0                        . = ALIGN (0x4)
                0x200003f0                        PROVIDE (__preinit_array_start = .)
 *(SORT_BY_NAME(.preinit_array.*))
 .preinit_array.00001
                0x200003f0        0x4 CMakeFiles/picow_blink.dir/home/fabio/.pico-sdk/sdk/1.5.1/src/rp2_common/pico_mem_ops/mem_ops_aeabi.S.obj
 .preinit_array.00010
                0x200003f4        0x4 CMakeFiles/picow_blink.dir/home/fabio/.pico-sdk/sdk/1.5.1/src/rp2_common/pico_bit_ops/bit_ops_aeabi.S.obj
 .preinit_array.00020
                0x200003f8        0x4 CMakeFiles/picow_blink.dir/home/fabio/.pico-sdk/sdk/1.5.1/src/rp2_common/pico_double/double_aeabi.S.obj
 .preinit_array.00020
                0x200003fc        0x4 CMakeFiles/picow_blink.dir/home/fabio/.pico-sdk/sdk/1.5.1/src/rp2_common/pico_float/float_aeabi.S.obj
 *(.preinit_array)
                0x20000400                        PROVIDE (__preinit_array_end = .)
                0x20000400                        . = ALIGN (0x4)
                0x20000400                        PROVIDE (__init_array_start = .)
 *(SORT_BY_NAME(.init_array.*))
 *(.init_array)
 .init_array    0x20000400        0x4 /home/fabio/.pico-sdk/toolchain/14_2_Rel1/bin/../lib/gcc/arm-none-eabi/14.2.1/thumb/v6-m/nofp/crtbegin.o
 .init_array    0x20000404        0x4 CMakeFiles/picow_blink.dir/home/fabio/.pico-sdk/sdk/1.5.1/src/rp2_common/pico_unique_id/unique_id.c.obj
                0x20000408                        PROVIDE (__init_array_end = .)
                0x20000408                        . = ALIGN (0x4)
                [!provide]                        PROVIDE (__fini_array_start = .)
 *(SORT_BY_NAME(.fini_array.*))
 *(.fini_array)
                [!provide]                        PROVIDE (__fini_array_end = .)
 *(.jcr)
                0x20000408                        . = ALIGN (0x4)
                0x20000408                        __data_end__ = .
                0x10002434                        __etext = LOADADDR (.data)

.tm_clone_table
                0x20000408        0x0 load address 0x1000277c
 .tm_clone_table
                0x20000408        0x0 /home/fabio/.pico-sdk/toolchain/14_2_Rel1/bin/../lib/gcc/arm-none-eabi/14.2.1/thumb/v6-m/nofp/crtbegin.o
 .tm_clone_table
                0x20000408        0x0 /home/fabio/.pico-sdk/toolchain/14_2_Rel1/bin/../lib/gcc/arm-none-eabi/14.2.1/thumb/v6-m/nofp/crtend.o

.igot.plt       0x20000408        0x0 load address 0x1000277c
 .igot.plt      0x20000408        0x0 /home/fabio/.pico-sdk/toolchain/14_2_Rel1/bin/../lib/gcc/arm-none-eabi/14.2.1/thumb/v6-m/nofp/crtbegin.o

.uninitialized_data
                0x20000408        0x0 load address 0x1000277c
                0x20000408                        . = ALIGN (0x4)
 *(.uninitialized_data*)

.scratch_x      0x20040000        0x0 load address 0x1000277c
                0x20040000                        __scratch_x_start__ = .
 *(.scratch_x.*)
                0x20040000                        . = ALIGN (0x4)
                0x20040000                        __scratch_x_end__ = .
                0x1000277c                        __scratch_x_source__ = LOADADDR (.scratch_x)

.scratch_y      0x20041000        0x0 load address 0x1000277c
                0x20041000                        __scratch_y_start__ = .
 *(.scratch_y.*)
                0x20041000                        . = ALIGN (0x4)
                0x20041000                        __scratch_y_end__ = .
                0x1000277c                        __scratch_y_source__ = LOADADDR (.scratch_y)

.bss            0x20000408      0x4e0
                0x20000408                        . = ALIGN (0x4)
                0x20000408                        __bss_start__ = .
 *(SORT_BY_ALIGNMENT(SORT_BY_NAME(.bss*)))
 .bss.configured_freq
                0x20000408       0x28 CMakeFiles/picow_blink.dir/home/fabio/.pico-sdk/sdk/1.5.1/src/rp2_common/hardware_clocks/clocks.c.obj
 .bss.default_alarm_pool_entries
                0x20000430      0x100 CMakeFiles/picow_blink.dir/home/fabio/.pico-sdk/sdk/1.5.1/src/common/pico_time/time.c.obj
 .bss.sd_table  0x20000530      0x100 CMakeFiles/picow_blink.dir/home/fabio/.pico-sdk/sdk/1.5.1/src/rp2_common/pico_double/double_init_rom.c.obj
                0x20000530                sd_table
 .bss.alarm_callbacks
                0x20000630       0x10 CMakeFiles/picow_blink.dir/home/fabio/.pico-sdk/sdk/1.5.1/src/rp2_common/hardware_timer/timer.c.obj
 .bss.boot2_copyout
                0x20000640      0x100 CMakeFiles/picow_blink.dir/home/fabio/.pico-sdk/sdk/1.5.1/src/rp2_common/hardware_flash/flash.c.obj
 .bss.chars_available_callback
                0x20000740        0x4 CMakeFiles/picow_blink.dir/home/fabio/.pico-sdk/sdk/1.5.1/src/rp2_common/pico_stdio_uart/stdio_uart.c.obj
 .bss.chars_available_param
                0x20000744        0x4 CMakeFiles/picow_blink.dir/home/fabio/.pico-sdk/sdk/1.5.1/src/rp2_common/pico_stdio_uart/stdio_uart.c.obj
 .bss.default_alarm_pool_entry_ids_high
                0x20000748       0x10 CMakeFiles/picow_blink.dir/home/fabio/.pico-sdk/sdk/1.5.1/src/common/pico_time/time.c.obj
 .bss.default_alarm_pool_heap_nodes
                0x20000758       0x30 CMakeFiles/picow_blink.dir/home/fabio/.pico-sdk/sdk/1.5.1/src/common/pico_time/time.c.obj
 .bss.drivers   0x20000788        0x4 CMakeFiles/picow_blink.dir/home/fabio/.pico-sdk/sdk/1.5.1/src/rp2_common/pico_stdio/stdio.c.obj
 .bss.filter    0x2000078c        0x4 CMakeFiles/picow_blink.dir/home/fabio/.pico-sdk/sdk/1.5.1/src/rp2_common/pico_stdio/stdio.c.obj
 .bss.lazy_vsnprintf
                0x20000790        0x4 CMakeFiles/picow_blink.dir/home/fabio/.pico-sdk/sdk/1.5.1/src/rp2_common/pico_printf/printf.c.obj
 .bss.object.0  0x20000794       0x18 /home/fabio/.pico-sdk/toolchain/14_2_Rel1/bin/../lib/gcc/arm-none-eabi/14.2.1/thumb/v6-m/nofp/crtbegin.o
 .bss.pools     0x200007ac       0x10 CMakeFiles/picow_blink.dir/home/fabio/.pico-sdk/sdk/1.5.1/src/common/pico_time/time.c.obj
 .bss.retrieved_id
                0x200007bc        0x8 CMakeFiles/picow_blink.dir/home/fabio/.pico-sdk/sdk/1.5.1/src/rp2_common/pico_unique_id/unique_id.c.obj
 .bss.sf_clz_func
                0x200007c4        0x4 CMakeFiles/picow_blink.dir/home/fabio/.pico-sdk/sdk/1.5.1/src/rp2_common/pico_double/double_init_rom.c.obj
                0x200007c4                sf_clz_func
 .bss.sf_table  0x200007c8      0x100 CMakeFiles/picow_blink.dir/home/fabio/.pico-sdk/sdk/1.5.1/src/rp2_common/pico_float/float_init_rom.c.obj
                0x200007c8                sf_table
 .bss.sleep_notifier
                0x200008c8        0x4 CMakeFiles/picow_blink.dir/home/fabio/.pico-sdk/sdk/1.5.1/src/common/pico_time/time.c.obj
 .bss.target_hi
                0x200008cc       0x10 CMakeFiles/picow_blink.dir/home/fabio/.pico-sdk/sdk/1.5.1/src/rp2_common/hardware_timer/timer.c.obj
 .bss.uart_char_to_line_feed
                0x200008dc        0x4 CMakeFiles/picow_blink.dir/home/fabio/.pico-sdk/sdk/1.5.1/src/rp2_common/hardware_uart/uart.c.obj
                0x200008dc                uart_char_to_line_feed
 .bss.uart_instance
                0x200008e0        0x4 CMakeFiles/picow_blink.dir/home/fabio/.pico-sdk/sdk/1.5.1/src/rp2_common/pico_stdio_uart/stdio_uart.c.obj
 .bss.boot2_copyout_valid
                0x200008e4        0x1 CMakeFiles/picow_blink.dir/home/fabio/.pico-sdk/sdk/1.5.1/src/rp2_common/hardware_flash/flash.c.obj
 .bss.claimed   0x200008e5        0x1 CMakeFiles/picow_blink.dir/home/fabio/.pico-sdk/sdk/1.5.1/src/rp2_common/hardware_timer/timer.c.obj
 .bss.irq_hander_chain_free_slot_head
                0x200008e6        0x1 CMakeFiles/picow_blink.dir/home/fabio/.pico-sdk/sdk/1.5.1/src/rp2_common/hardware_irq/irq.c.obj
 .bss.timer_callbacks_pending
                0x200008e7        0x1 CMakeFiles/picow_blink.dir/home/fabio/.pico-sdk/sdk/1.5.1/src/rp2_common/hardware_timer/timer.c.obj
 *(COMMON)
                0x200008e8                        . = ALIGN (0x4)
                0x200008e8                        __bss_end__ = .

.heap           0x200008e8      0x800
                0x200008e8                        __end__ = .
                0x200008e8                        end = __end__
 *(.heap*)
 .heap          0x200008e8      0x800 CMakeFiles/picow_blink.dir/home/fabio/.pico-sdk/sdk/1.5.1/src/rp2_common/pico_standard_link/crt0.S.obj
                0x200010e8                        __HeapLimit = .

.stack1_dummy
 *(.stack1*)

.stack_dummy    0x20041000      0x800
 *(.stack*)
 .stack         0x20041000      0x800 CMakeFiles/picow_blink.dir/home/fabio/.pico-sdk/sdk/1.5.1/src/rp2_common/pico_standard_link/crt0.S.obj

.flash_end      0x1000277c        0x0
                0x1000277c                        PROVIDE (__flash_binary_end = .)
                0x20040000                        __StackLimit = (ORIGIN (RAM) + LENGTH (RAM))
                0x20041000                        __StackOneTop = (ORIGIN (SCRATCH_X) + LENGTH (SCRATCH_X))
                0x20042000                        __StackTop = (ORIGIN (SCRATCH_Y) + LENGTH (SCRATCH_Y))
                0x20041000                        __StackOneBottom = (__StackOneTop - SIZEOF (.stack1_dummy))
                0x20041800                        __StackBottom = (__StackTop - SIZEOF (.stack_dummy))
                0x20042000                        PROVIDE (__stack = __StackTop)
                0x00000001                        ASSERT ((__StackLimit >= __HeapLimit), region RAM overflowed)
                0x00000001                        ASSERT (((__binary_info_header_end - __logical_binary_start) <= 0x100), Binary info must be in first 256 bytes of the binary)
LOAD CMakeFiles/picow_blink.dir/app/main.c.obj
LOAD CMakeFiles/picow_blink.dir/drivers/led_embutido.c.obj
LOAD CMakeFiles/picow_blink.dir/hal/hal_led.c.obj
LOAD CMakeFiles/picow_blink.dir/home/fabio/.pico-sdk/sdk/1.5.1/src/rp2_common/pico_stdlib/stdlib.c.obj
LOAD CMakeFiles/picow_blink.dir/home/fabio/.pico-sdk/sdk/1.5.1/src/rp2_common/hardware_gpio/gpio.c.obj
LOAD CMakeFiles/picow_blink.dir/home/fabio/.pico-sdk/sdk/1.5.1/src/rp2_common/pico_platform/platform.c.obj
LOAD CMakeFiles/picow_blink.dir/home/fabio/.pico-sdk/sdk/1.5.1/src/rp2_common/hardware_claim/claim.c.obj
LOAD CMakeFiles/picow_blink.dir/home/fabio/.pico-sdk/sdk/1.5.1/src/rp2_common/hardware_sync/sync.c.obj
LOAD CMakeFiles/picow_blink.dir/home/fabio/.pico-sdk/sdk/1.5.1/src/rp2_common/hardware_irq/irq.c.obj
LOAD CMakeFiles/picow_blink.dir/home/fabio/.pico-sdk/sdk/1.5.1/src/rp2_common/hardware_irq/irq_handler_chain.S.obj
LOAD CMakeFiles/picow_blink.dir/home/fabio/.pico-sdk/sdk/1.5.1/src/common/pico_sync/sem.c.obj
LOAD CMakeFiles/picow_blink.dir/home/fabio/.pico-sdk/sdk/1.5.1/src/common/pico_sync/lock_core.c.obj
LOAD CMakeFiles/picow_blink.dir/home/fabio/.pico-sdk/sdk/1.5.1/src/common/pico_sync/mutex.c.obj
LOAD CMakeFiles/picow_blink.dir/home/fabio/.pico-sdk/sdk/1.5.1/src/common/pico_sync/critical_section.c.obj
LOAD CMakeFiles/picow_blink.dir/home/fabio/.pico-sdk/sdk/1.5.1/src/common/pico_time/time.c.obj
LOAD CMakeFiles/picow_blink.dir/home/fabio/.pico-sdk/sdk/1.5.1/src/common/pico_time/timeout_helper.c.obj
LOAD CMakeFiles/picow_blink.dir/home/fabio/.pico-sdk/sdk/1.5.1/src/rp2_common/hardware_timer/timer.c.obj
LOAD CMakeFiles/picow_blink.dir/home/fabio/.pico-sdk/sdk/1.5.1/src/common/pico_util/datetime.c.obj
LOAD CMakeFiles/picow_blink.dir/home/fabio/.pico-sdk/sdk/1.5.1/src/common/pico_util/pheap.c.obj
LOAD CMakeFiles/picow_blink.dir/home/fabio/.pico-sdk/sdk/1.5.1/src/common/pico_util/queue.c.obj
LOAD CMakeFiles/picow_blink.dir/home/fabio/.pico-sdk/sdk/1.5.1/src/rp2_common/hardware_uart/uart.c.obj
LOAD CMakeFiles/picow_blink.dir/home/fabio/.pico-sdk/sdk/1.5.1/src/rp2_common/hardware_clocks/clocks.c.obj
LOAD CMakeFiles/picow_blink.dir/home/fabio/.pico-sdk/sdk/1.5.1/src/rp2_common/hardware_pll/pll.c.obj
LOAD CMakeFiles/picow_blink.dir/home/fabio/.pico-sdk/sdk/1.5.1/src/rp2_common/hardware_vreg/vreg.c.obj
LOAD CMakeFiles/picow_blink.dir/home/fabio/.pico-sdk/sdk/1.5.1/src/rp2_common/hardware_watchdog/watchdog.c.obj
LOAD CMakeFiles/picow_blink.dir/home/fabio/.pico-sdk/sdk/1.5.1/src/rp2_common/hardware_xosc/xosc.c.obj
LOAD CMakeFiles/picow_blink.dir/home/fabio/.pico-sdk/sdk/1.5.1/src/rp2_common/hardware_divider/divider.S.obj
LOAD CMakeFiles/picow_blink.dir/home/fabio/.pico-sdk/sdk/1.5.1/src/rp2_common/pico_runtime/runtime.c.obj
LOAD CMakeFiles/picow_blink.dir/home/fabio/.pico-sdk/sdk/1.5.1/src/rp2_common/pico_printf/printf.c.obj
LOAD CMakeFiles/picow_blink.dir/home/fabio/.pico-sdk/sdk/1.5.1/src/rp2_common/pico_bit_ops/bit_ops_aeabi.S.obj
LOAD CMakeFiles/picow_blink.dir/home/fabio/.pico-sdk/sdk/1.5.1/src/rp2_common/pico_bootrom/bootrom.c.obj
LOAD CMakeFiles/picow_blink.dir/home/fabio/.pico-sdk/sdk/1.5.1/src/rp2_common/pico_divider/divider.S.obj
LOAD CMakeFiles/picow_blink.dir/home/fabio/.pico-sdk/sdk/1.5.1/src/rp2_common/pico_double/double_aeabi.S.obj
LOAD CMakeFiles/picow_blink.dir/home/fabio/.pico-sdk/sdk/1.5.1/src/rp2_common/pico_double/double_init_rom.c.obj
LOAD CMakeFiles/picow_blink.dir/home/fabio/.pico-sdk/sdk/1.5.1/src/rp2_common/pico_double/double_math.c.obj
LOAD CMakeFiles/picow_blink.dir/home/fabio/.pico-sdk/sdk/1.5.1/src/rp2_common/pico_double/double_v1_rom_shim.S.obj
LOAD CMakeFiles/picow_blink.dir/home/fabio/.pico-sdk/sdk/1.5.1/src/rp2_common/pico_int64_ops/pico_int64_ops_aeabi.S.obj
LOAD CMakeFiles/picow_blink.dir/home/fabio/.pico-sdk/sdk/1.5.1/src/rp2_common/pico_float/float_aeabi.S.obj
LOAD CMakeFiles/picow_blink.dir/home/fabio/.pico-sdk/sdk/1.5.1/src/rp2_common/pico_float/float_init_rom.c.obj
LOAD CMakeFiles/picow_blink.dir/home/fabio/.pico-sdk/sdk/1.5.1/src/rp2_common/pico_float/float_math.c.obj
LOAD CMakeFiles/picow_blink.dir/home/fabio/.pico-sdk/sdk/1.5.1/src/rp2_common/pico_float/float_v1_rom_shim.S.obj
LOAD CMakeFiles/picow_blink.dir/home/fabio/.pico-sdk/sdk/1.5.1/src/rp2_common/pico_malloc/pico_malloc.c.obj
LOAD CMakeFiles/picow_blink.dir/home/fabio/.pico-sdk/sdk/1.5.1/src/rp2_common/pico_mem_ops/mem_ops_aeabi.S.obj
LOAD CMakeFiles/picow_blink.dir/home/fabio/.pico-sdk/sdk/1.5.1/src/rp2_common/pico_standard_link/crt0.S.obj
LOAD CMakeFiles/picow_blink.dir/home/fabio/.pico-sdk/sdk/1.5.1/src/rp2_common/pico_standard_link/new_delete.cpp.obj
LOAD CMakeFiles/picow_blink.dir/home/fabio/.pico-sdk/sdk/1.5.1/src/rp2_common/pico_standard_link/binary_info.c.obj
LOAD CMakeFiles/picow_blink.dir/home/fabio/.pico-sdk/sdk/1.5.1/src/rp2_common/pico_stdio/stdio.c.obj
LOAD CMakeFiles/picow_blink.dir/home/fabio/.pico-sdk/sdk/1.5.1/src/rp2_common/pico_stdio_uart/stdio_uart.c.obj
LOAD CMakeFiles/picow_blink.dir/home/fabio/.pico-sdk/sdk/1.5.1/src/rp2_common/pico_cyw43_arch/cyw43_arch.c.obj
LOAD CMakeFiles/picow_blink.dir/home/fabio/.pico-sdk/sdk/1.5.1/src/rp2_common/pico_cyw43_arch/cyw43_arch_poll.c.obj
LOAD CMakeFiles/picow_blink.dir/home/fabio/.pico-sdk/sdk/1.5.1/src/rp2_common/pico_cyw43_arch/cyw43_arch_threadsafe_background.c.obj
LOAD CMakeFiles/picow_blink.dir/home/fabio/.pico-sdk/sdk/1.5.1/src/rp2_common/pico_cyw43_arch/cyw43_arch_freertos.c.obj
LOAD CMakeFiles/picow_blink.dir/home/fabio/.pico-sdk/sdk/1.5.1/src/rp2_common/pico_unique_id/unique_id.c.obj
LOAD CMakeFiles/picow_blink.dir/home/fabio/.pico-sdk/sdk/1.5.1/src/rp2_common/hardware_flash/flash.c.obj
LOAD CMakeFiles/picow_blink.dir/home/fabio/.pico-sdk/sdk/1.5.1/src/rp2_common/pico_cyw43_driver/cyw43_bus_pio_spi.c.obj
LOAD CMakeFiles/picow_blink.dir/home/fabio/.pico-sdk/sdk/1.5.1/lib/cyw43-driver/src/cyw43_ll.c.obj
LOAD CMakeFiles/picow_blink.dir/home/fabio/.pico-sdk/sdk/1.5.1/lib/cyw43-driver/src/cyw43_stats.c.obj
LOAD CMakeFiles/picow_blink.dir/home/fabio/.pico-sdk/sdk/1.5.1/lib/cyw43-driver/src/cyw43_lwip.c.obj
LOAD CMakeFiles/picow_blink.dir/home/fabio/.pico-sdk/sdk/1.5.1/lib/cyw43-driver/src/cyw43_ctrl.c.obj
LOAD CMakeFiles/picow_blink.dir/home/fabio/.pico-sdk/sdk/1.5.1/src/rp2_common/pico_cyw43_driver/cybt_shared_bus/cybt_shared_bus.c.obj
LOAD CMakeFiles/picow_blink.dir/home/fabio/.pico-sdk/sdk/1.5.1/src/rp2_common/pico_cyw43_driver/cybt_shared_bus/cybt_shared_bus_driver.c.obj
LOAD CMakeFiles/picow_blink.dir/home/fabio/.pico-sdk/sdk/1.5.1/src/rp2_common/hardware_pio/pio.c.obj
LOAD CMakeFiles/picow_blink.dir/home/fabio/.pico-sdk/sdk/1.5.1/src/rp2_common/hardware_dma/dma.c.obj
LOAD CMakeFiles/picow_blink.dir/home/fabio/.pico-sdk/sdk/1.5.1/src/rp2_common/hardware_exception/exception.c.obj
LOAD CMakeFiles/picow_blink.dir/home/fabio/.pico-sdk/sdk/1.5.1/src/rp2_common/pico_cyw43_driver/cyw43_driver.c.obj
LOAD CMakeFiles/picow_blink.dir/home/fabio/.pico-sdk/sdk/1.5.1/src/rp2_common/pico_async_context/async_context_threadsafe_background.c.obj
LOAD CMakeFiles/picow_blink.dir/home/fabio/.pico-sdk/sdk/1.5.1/src/rp2_common/pico_async_context/async_context_base.c.obj
LOAD /tmp/ccJBEeVu.o
LOAD /home/fabio/.pico-sdk/toolchain/14_2_Rel1/bin/../lib/gcc/arm-none-eabi/14.2.1/../../../../arm-none-eabi/lib/thumb/v6-m/nofp/libstdc++.a
LOAD /home/fabio/.pico-sdk/toolchain/14_2_Rel1/bin/../lib/gcc/arm-none-eabi/14.2.1/../../../../arm-none-eabi/lib/thumb/v6-m/nofp/libm.a
START GROUP
LOAD /home/fabio/.pico-sdk/toolchain/14_2_Rel1/bin/../lib/gcc/arm-none-eabi/14.2.1/thumb/v6-m/nofp/libgcc.a
LOAD /home/fabio/.pico-sdk/toolchain/14_2_Rel1/bin/../lib/gcc/arm-none-eabi/14.2.1/../../../../arm-none-eabi/lib/thumb/v6-m/nofp/libg.a
LOAD /home/fabio/.pico-sdk/toolchain/14_2_Rel1/bin/../lib/gcc/arm-none-eabi/14.2.1/../../../../arm-none-eabi/lib/thumb/v6-m/nofp/libc.a
END GROUP
START GROUP
LOAD /home/fabio/.pico-sdk/toolchain/14_2_Rel1/bin/../lib/gcc/arm-none-eabi/14.2.1/thumb/v6-m/nofp/libgcc.a
LOAD /home/fabio/.pico-sdk/toolchain/14_2_Rel1/bin/../lib/gcc/arm-none-eabi/14.2.1/../../../../arm-none-eabi/lib/thumb/v6-m/nofp/libc.a
LOAD /home/fabio/.pico-sdk/toolchain/14_2_Rel1/bin/../lib/gcc/arm-none-eabi/14.2.1/../../../../arm-none-eabi/lib/thumb/v6-m/nofp/libnosys.a
END GROUP
LOAD /home/fabio/.pico-sdk/toolchain/14_2_Rel1/bin/../lib/gcc/arm-none-eabi/14.2.1/thumb/v6-m/nofp/crtend.o
LOAD /home/fabio/.pico-sdk/toolchain/14_2_Rel1/bin/../lib/gcc/arm-none-eabi/14.2.1/thumb/v6-m/nofp/crtn.o
OUTPUT(picow_blink.elf elf32-littlearm)
LOAD linker stubs

.ARM.attributes
                0x00000000       0x28
 .ARM.attributes
                0x00000000       0x1e /home/fabio/.pico-sdk/toolchain/14_2_Rel1/bin/../lib/gcc/arm-none-eabi/14.2.1/thumb/v6-m/nofp/crti.o
 .ARM.attributes
                0x0000001e       0x2c /home/fabio/.pico-sdk/toolchain/14_2_Rel1/bin/../lib/gcc/arm-none-eabi/14.2.1/thumb/v6-m/nofp/crtbegin.o
 .ARM.attributes
                0x0000004a       0x2c CMakeFiles/picow_blink.dir/app/main.c.obj
 .ARM.attributes
                0x00000076       0x2c CMakeFiles/picow_blink.dir/home/fabio/.pico-sdk/sdk/1.5.1/src/rp2_common/hardware_gpio/gpio.c.obj
 .ARM.attributes
                0x000000a2       0x2c CMakeFiles/picow_blink.dir/home/fabio/.pico-sdk/sdk/1.5.1/src/rp2_common/pico_platform/platform.c.obj
 .ARM.attributes
                0x000000ce       0x2c CMakeFiles/picow_blink.dir/home/fabio/.pico-sdk/sdk/1.5.1/src/rp2_common/hardware_claim/claim.c.obj
 .ARM.attributes
                0x000000fa       0x2c CMakeFiles/picow_blink.dir/home/fabio/.pico-sdk/sdk/1.5.1/src/rp2_common/hardware_sync/sync.c.obj
 .ARM.attributes
                0x00000126       0x2c CMakeFiles/picow_blink.dir/home/fabio/.pico-sdk/sdk/1.5.1/src/rp2_common/hardware_irq/irq.c.obj
 .ARM.attributes
                0x00000152       0x22 CMakeFiles/picow_blink.dir/home/fabio/.pico-sdk/sdk/1.5.1/src/rp2_common/hardware_irq/irq_handler_chain.S.obj
 .ARM.attributes
                0x00000174       0x2c CMakeFiles/picow_blink.dir/home/fabio/.pico-sdk/sdk/1.5.1/src/common/pico_sync/lock_core.c.obj
 .ARM.attributes
                0x000001a0       0x2c CMakeFiles/picow_blink.dir/home/fabio/.pico-sdk/sdk/1.5.1/src/common/pico_sync/mutex.c.obj
 .ARM.attributes
                0x000001cc       0x2c CMakeFiles/picow_blink.dir/home/fabio/.pico-sdk/sdk/1.5.1/src/common/pico_time/time.c.obj
 .ARM.attributes
                0x000001f8       0x2c CMakeFiles/picow_blink.dir/home/fabio/.pico-sdk/sdk/1.5.1/src/rp2_common/hardware_timer/timer.c.obj
 .ARM.attributes
                0x00000224       0x2c CMakeFiles/picow_blink.dir/home/fabio/.pico-sdk/sdk/1.5.1/src/common/pico_util/pheap.c.obj
 .ARM.attributes
                0x00000250       0x2c CMakeFiles/picow_blink.dir/home/fabio/.pico-sdk/sdk/1.5.1/src/rp2_common/hardware_uart/uart.c.obj
 .ARM.attributes
                0x0000027c       0x2c CMakeFiles/picow_blink.dir/home/fabio/.pico-sdk/sdk/1.5.1/src/rp2_common/hardware_clocks/clocks.c.obj
 .ARM.attributes
                0x000002a8       0x2c CMakeFiles/picow_blink.dir/home/fabio/.pico-sdk/sdk/1.5.1/src/rp2_common/hardware_pll/pll.c.obj
 .ARM.attributes
                0x000002d4       0x2c CMakeFiles/picow_blink.dir/home/fabio/.pico-sdk/sdk/1.5.1/src/rp2_common/hardware_watchdog/watchdog.c.obj
 .ARM.attributes
                0x00000300       0x2c CMakeFiles/picow_blink.dir/home/fabio/.pico-sdk/sdk/1.5.1/src/rp2_common/hardware_xosc/xosc.c.obj
 .ARM.attributes
                0x0000032c       0x2c CMakeFiles/picow_blink.dir/home/fabio/.pico-sdk/sdk/1.5.1/src/rp2_common/pico_runtime/runtime.c.obj
 .ARM.attributes
                0x00000358       0x2c CMakeFiles/picow_blink.dir/home/fabio/.pico-sdk/sdk/1.5.1/src/rp2_common/pico_printf/printf.c.obj
 .ARM.attributes
                0x00000384       0x22 CMakeFiles/picow_blink.dir/home/fabio/.pico-sdk/sdk/1.5.1/src/rp2_common/pico_bit_ops/bit_ops_aeabi.S.obj
 .ARM.attributes
                0x000003a6       0x2c CMakeFiles/picow_blink.dir/home/fabio/.pico-sdk/sdk/1.5.1/src/rp2_common/pico_bootrom/bootrom.c.obj
 .ARM.attributes
                0x000003d2       0x22 CMakeFiles/picow_blink.dir/home/fabio/.pico-sdk/sdk/1.5.1/src/rp2_common/pico_divider/divider.S.obj
 .ARM.attributes
                0x000003f4       0x22 CMakeFiles/picow_blink.dir/home/fabio/.pico-sdk/sdk/1.5.1/src/rp2_common/pico_double/double_aeabi.S.obj
 .ARM.attributes
                0x00000416       0x2c CMakeFiles/picow_blink.dir/home/fabio/.pico-sdk/sdk/1.5.1/src/rp2_common/pico_double/double_init_rom.c.obj
 .ARM.attributes
                0x00000442       0x22 CMakeFiles/picow_blink.dir/home/fabio/.pico-sdk/sdk/1.5.1/src/rp2_common/pico_double/double_v1_rom_shim.S.obj
 .ARM.attributes
                0x00000464       0x22 CMakeFiles/picow_blink.dir/home/fabio/.pico-sdk/sdk/1.5.1/src/rp2_common/pico_int64_ops/pico_int64_ops_aeabi.S.obj
 .ARM.attributes
                0x00000486       0x22 CMakeFiles/picow_blink.dir/home/fabio/.pico-sdk/sdk/1.5.1/src/rp2_common/pico_float/float_aeabi.S.obj
 .ARM.attributes
                0x000004a8       0x2c CMakeFiles/picow_blink.dir/home/fabio/.pico-sdk/sdk/1.5.1/src/rp2_common/pico_float/float_init_rom.c.obj
 .ARM.attributes
                0x000004d4       0x22 CMakeFiles/picow_blink.dir/home/fabio/.pico-sdk/sdk/1.5.1/src/rp2_common/pico_mem_ops/mem_ops_aeabi.S.obj
 .ARM.attributes
                0x000004f6       0x22 CMakeFiles/picow_blink.dir/home/fabio/.pico-sdk/sdk/1.5.1/src/rp2_common/pico_standard_link/crt0.S.obj
 .ARM.attributes
                0x00000518       0x2c CMakeFiles/picow_blink.dir/home/fabio/.pico-sdk/sdk/1.5.1/src/rp2_common/pico_standard_link/binary_info.c.obj
 .ARM.attributes
                0x00000544       0x2c CMakeFiles/picow_blink.dir/home/fabio/.pico-sdk/sdk/1.5.1/src/rp2_common/pico_stdio/stdio.c.obj
 .ARM.attributes
                0x00000570       0x2c CMakeFiles/picow_blink.dir/home/fabio/.pico-sdk/sdk/1.5.1/src/rp2_common/pico_stdio_uart/stdio_uart.c.obj
 .ARM.attributes
                0x0000059c       0x2c CMakeFiles/picow_blink.dir/home/fabio/.pico-sdk/sdk/1.5.1/src/rp2_common/pico_unique_id/unique_id.c.obj
 .ARM.attributes
                0x000005c8       0x2c CMakeFiles/picow_blink.dir/home/fabio/.pico-sdk/sdk/1.5.1/src/rp2_common/hardware_flash/flash.c.obj
 .ARM.attributes
                0x000005f4       0x22 /tmp/ccJBEeVu.o
 .ARM.attributes
                0x00000616       0x1e /home/fabio/.pico-sdk/toolchain/14_2_Rel1/bin/../lib/gcc/arm-none-eabi/14.2.1/thumb/v6-m/nofp/libgcc.a(_dvmd_tls.o)
 .ARM.attributes
                0x00000634       0x2c /home/fabio/.pico-sdk/toolchain/14_2_Rel1/bin/../lib/gcc/arm-none-eabi/14.2.1/../../../../arm-none-eabi/lib/thumb/v6-m/nofp/libg.a(libc_a-strlen-stub.o)
 .ARM.attributes
                0x00000660       0x2c /home/fabio/.pico-sdk/toolchain/14_2_Rel1/bin/../lib/gcc/arm-none-eabi/14.2.1/thumb/v6-m/nofp/crtend.o

.comment        0x00000000       0x45
 .comment       0x00000000       0x45 CMakeFiles/picow_blink.dir/app/main.c.obj
                                 0x46 (size before relaxing)
 .comment       0x00000045       0x46 CMakeFiles/picow_blink.dir/home/fabio/.pico-sdk/sdk/1.5.1/src/rp2_common/hardware_gpio/gpio.c.obj
 .comment       0x00000045       0x46 CMakeFiles/picow_blink.dir/home/fabio/.pico-sdk/sdk/1.5.1/src/rp2_common/pico_platform/platform.c.obj
 .comment       0x00000045       0x46 CMakeFiles/picow_blink.dir/home/fabio/.pico-sdk/sdk/1.5.1/src/rp2_common/hardware_claim/claim.c.obj
 .comment       0x00000045       0x46 CMakeFiles/picow_blink.dir/home/fabio/.pico-sdk/sdk/1.5.1/src/rp2_common/hardware_sync/sync.c.obj
 .comment       0x00000045       0x46 CMakeFiles/picow_blink.dir/home/fabio/.pico-sdk/sdk/1.5.1/src/rp2_common/hardware_irq/irq.c.obj
 .comment       0x00000045       0x46 CMakeFiles/picow_blink.dir/home/fabio/.pico-sdk/sdk/1.5.1/src/common/pico_sync/lock_core.c.obj
 .comment       0x00000045       0x46 CMakeFiles/picow_blink.dir/home/fabio/.pico-sdk/sdk/1.5.1/src/common/pico_sync/mutex.c.obj
 .comment       0x00000045       0x46 CMakeFiles/picow_blink.dir/home/fabio/.pico-sdk/sdk/1.5.1/src/common/pico_time/time.c.obj
 .comment       0x00000045       0x46 CMakeFiles/picow_blink.dir/home/fabio/.pico-sdk/sdk/1.5.1/src/rp2_common/hardware_timer/timer.c.obj
 .comment       0x00000045       0x46 CMakeFiles/picow_blink.dir/home/fabio/.pico-sdk/sdk/1.5.1/src/common/pico_util/pheap.c.obj
 .comment       0x00000045       0x46 CMakeFiles/picow_blink.dir/home/fabio/.pico-sdk/sdk/1.5.1/src/rp2_common/hardware_uart/uart.c.obj
 .comment       0x00000045       0x46 CMakeFiles/picow_blink.dir/home/fabio/.pico-sdk/sdk/1.5.1/src/rp2_common/hardware_clocks/clocks.c.obj
 .comment       0x00000045       0x46 CMakeFiles/picow_blink.dir/home/fabio/.pico-sdk/sdk/1.5.1/src/rp2_common/hardware_pll/pll.c.obj
 .comment       0x00000045       0x46 CMakeFiles/picow_blink.dir/home/fabio/.pico-sdk/sdk/1.5.1/src/rp2_common/hardware_watchdog/watchdog.c.obj
 .comment       0x00000045       0x46 CMakeFiles/picow_blink.dir/home/fabio/.pico-sdk/sdk/1.5.1/src/rp2_common/hardware_xosc/xosc.c.obj
 .comment       0x00000045       0x46 CMakeFiles/picow_blink.dir/home/fabio/.pico-sdk/sdk/1.5.1/src/rp2_common/pico_runtime/runtime.c.obj
 .comment       0x00000045       0x46 CMakeFiles/picow_blink.dir/home/fabio/.pico-sdk/sdk/1.5.1/src/rp2_common/pico_printf/printf.c.obj
 .comment       0x00000045       0x46 CMakeFiles/picow_blink.dir/home/fabio/.pico-sdk/sdk/1.5.1/src/rp2_common/pico_bootrom/bootrom.c.obj
 .comment       0x00000045       0x46 CMakeFiles/picow_blink.dir/home/fabio/.pico-sdk/sdk/1.5.1/src/rp2_common/pico_double/double_init_rom.c.obj
 .comment       0x00000045       0x46 CMakeFiles/picow_blink.dir/home/fabio/.pico-sdk/sdk/1.5.1/src/rp2_common/pico_float/float_init_rom.c.obj
 .comment       0x00000045       0x46 CMakeFiles/picow_blink.dir/home/fabio/.pico-sdk/sdk/1.5.1/src/rp2_common/pico_standard_link/binary_info.c.obj
 .comment       0x00000045       0x46 CMakeFiles/picow_blink.dir/home/fabio/.pico-sdk/sdk/1.5.1/src/rp2_common/pico_stdio/stdio.c.obj
 .comment       0x00000045       0x46 CMakeFiles/picow_blink.dir/home/fabio/.pico-sdk/sdk/1.5.1/src/rp2_common/pico_stdio_uart/stdio_uart.c.obj
 .comment       0x00000045       0x46 CMakeFiles/picow_blink.dir/home/fabio/.pico-sdk/sdk/1.5.1/src/rp2_common/pico_unique_id/unique_id.c.obj
 .comment       0x00000045       0x46 CMakeFiles/picow_blink.dir/home/fabio/.pico-sdk/sdk/1.5.1/src/rp2_common/hardware_flash/flash.c.obj

.debug_info     0x00000000    0x1be57
 .debug_info    0x00000000      0x10c CMakeFiles/picow_blink.dir/app/main.c.obj
 .debug_info    0x0000010c     0x1ef7 CMakeFiles/picow_blink.dir/home/fabio/.pico-sdk/sdk/1.5.1/src/rp2_common/hardware_gpio/gpio.c.obj
 .debug_info    0x00002003      0x14a CMakeFiles/picow_blink.dir/home/fabio/.pico-sdk/sdk/1.5.1/src/rp2_common/pico_platform/platform.c.obj
 .debug_info    0x0000214d      0xa12 CMakeFiles/picow_blink.dir/home/fabio/.pico-sdk/sdk/1.5.1/src/rp2_common/hardware_claim/claim.c.obj
 .debug_info    0x00002b5f      0x57f CMakeFiles/picow_blink.dir/home/fabio/.pico-sdk/sdk/1.5.1/src/rp2_common/hardware_sync/sync.c.obj
 .debug_info    0x000030de     0x1e6e CMakeFiles/picow_blink.dir/home/fabio/.pico-sdk/sdk/1.5.1/src/rp2_common/hardware_irq/irq.c.obj
 .debug_info    0x00004f4c      0x153 CMakeFiles/picow_blink.dir/home/fabio/.pico-sdk/sdk/1.5.1/src/common/pico_sync/lock_core.c.obj
 .debug_info    0x0000509f     0x2849 CMakeFiles/picow_blink.dir/home/fabio/.pico-sdk/sdk/1.5.1/src/common/pico_sync/mutex.c.obj
 .debug_info    0x000078e8     0x4ada CMakeFiles/picow_blink.dir/home/fabio/.pico-sdk/sdk/1.5.1/src/common/pico_time/time.c.obj
 .debug_info    0x0000c3c2     0x15e6 CMakeFiles/picow_blink.dir/home/fabio/.pico-sdk/sdk/1.5.1/src/rp2_common/hardware_timer/timer.c.obj
 .debug_info    0x0000d9a8     0x1eb0 CMakeFiles/picow_blink.dir/home/fabio/.pico-sdk/sdk/1.5.1/src/common/pico_util/pheap.c.obj
 .debug_info    0x0000f858     0x15aa CMakeFiles/picow_blink.dir/home/fabio/.pico-sdk/sdk/1.5.1/src/rp2_common/hardware_uart/uart.c.obj
 .debug_info    0x00010e02     0x1f65 CMakeFiles/picow_blink.dir/home/fabio/.pico-sdk/sdk/1.5.1/src/rp2_common/hardware_clocks/clocks.c.obj
 .debug_info    0x00012d67      0x3e7 CMakeFiles/picow_blink.dir/home/fabio/.pico-sdk/sdk/1.5.1/src/rp2_common/hardware_pll/pll.c.obj
 .debug_info    0x0001314e      0x808 CMakeFiles/picow_blink.dir/home/fabio/.pico-sdk/sdk/1.5.1/src/rp2_common/hardware_watchdog/watchdog.c.obj
 .debug_info    0x00013956      0x1c3 CMakeFiles/picow_blink.dir/home/fabio/.pico-sdk/sdk/1.5.1/src/rp2_common/hardware_xosc/xosc.c.obj
 .debug_info    0x00013b19      0xda7 CMakeFiles/picow_blink.dir/home/fabio/.pico-sdk/sdk/1.5.1/src/rp2_common/pico_runtime/runtime.c.obj
 .debug_info    0x000148c0     0x22f8 CMakeFiles/picow_blink.dir/home/fabio/.pico-sdk/sdk/1.5.1/src/rp2_common/pico_printf/printf.c.obj
 .debug_info    0x00016bb8       0x23 CMakeFiles/picow_blink.dir/home/fabio/.pico-sdk/sdk/1.5.1/src/rp2_common/pico_bit_ops/bit_ops_aeabi.S.obj
 .debug_info    0x00016bdb      0x3cc CMakeFiles/picow_blink.dir/home/fabio/.pico-sdk/sdk/1.5.1/src/rp2_common/pico_bootrom/bootrom.c.obj
 .debug_info    0x00016fa7       0x23 CMakeFiles/picow_blink.dir/home/fabio/.pico-sdk/sdk/1.5.1/src/rp2_common/pico_divider/divider.S.obj
 .debug_info    0x00016fca       0x23 CMakeFiles/picow_blink.dir/home/fabio/.pico-sdk/sdk/1.5.1/src/rp2_common/pico_double/double_aeabi.S.obj
 .debug_info    0x00016fed      0x298 CMakeFiles/picow_blink.dir/home/fabio/.pico-sdk/sdk/1.5.1/src/rp2_common/pico_double/double_init_rom.c.obj
 .debug_info    0x00017285       0x24 CMakeFiles/picow_blink.dir/home/fabio/.pico-sdk/sdk/1.5.1/src/rp2_common/pico_double/double_v1_rom_shim.S.obj
 .debug_info    0x000172a9       0x24 CMakeFiles/picow_blink.dir/home/fabio/.pico-sdk/sdk/1.5.1/src/rp2_common/pico_int64_ops/pico_int64_ops_aeabi.S.obj
 .debug_info    0x000172cd       0x23 CMakeFiles/picow_blink.dir/home/fabio/.pico-sdk/sdk/1.5.1/src/rp2_common/pico_float/float_aeabi.S.obj
 .debug_info    0x000172f0      0x2ab CMakeFiles/picow_blink.dir/home/fabio/.pico-sdk/sdk/1.5.1/src/rp2_common/pico_float/float_init_rom.c.obj
 .debug_info    0x0001759b       0x23 CMakeFiles/picow_blink.dir/home/fabio/.pico-sdk/sdk/1.5.1/src/rp2_common/pico_mem_ops/mem_ops_aeabi.S.obj
 .debug_info    0x000175be       0x23 CMakeFiles/picow_blink.dir/home/fabio/.pico-sdk/sdk/1.5.1/src/rp2_common/pico_standard_link/crt0.S.obj
 .debug_info    0x000175e1      0x2b8 CMakeFiles/picow_blink.dir/home/fabio/.pico-sdk/sdk/1.5.1/src/rp2_common/pico_standard_link/binary_info.c.obj
 .debug_info    0x00017899     0x20e1 CMakeFiles/picow_blink.dir/home/fabio/.pico-sdk/sdk/1.5.1/src/rp2_common/pico_stdio/stdio.c.obj
 .debug_info    0x0001997a     0x1102 CMakeFiles/picow_blink.dir/home/fabio/.pico-sdk/sdk/1.5.1/src/rp2_common/pico_stdio_uart/stdio_uart.c.obj
 .debug_info    0x0001aa7c      0x1fa CMakeFiles/picow_blink.dir/home/fabio/.pico-sdk/sdk/1.5.1/src/rp2_common/pico_unique_id/unique_id.c.obj
 .debug_info    0x0001ac76     0x11e1 CMakeFiles/picow_blink.dir/home/fabio/.pico-sdk/sdk/1.5.1/src/rp2_common/hardware_flash/flash.c.obj

.debug_abbrev   0x00000000     0x4e62
 .debug_abbrev  0x00000000       0xbc CMakeFiles/picow_blink.dir/app/main.c.obj
 .debug_abbrev  0x000000bc      0x437 CMakeFiles/picow_blink.dir/home/fabio/.pico-sdk/sdk/1.5.1/src/rp2_common/hardware_gpio/gpio.c.obj
 .debug_abbrev  0x000004f3       0x94 CMakeFiles/picow_blink.dir/home/fabio/.pico-sdk/sdk/1.5.1/src/rp2_common/pico_platform/platform.c.obj
 .debug_abbrev  0x00000587      0x331 CMakeFiles/picow_blink.dir/home/fabio/.pico-sdk/sdk/1.5.1/src/rp2_common/hardware_claim/claim.c.obj
 .debug_abbrev  0x000008b8      0x25d CMakeFiles/picow_blink.dir/home/fabio/.pico-sdk/sdk/1.5.1/src/rp2_common/hardware_sync/sync.c.obj
 .debug_abbrev  0x00000b15      0x54a CMakeFiles/picow_blink.dir/home/fabio/.pico-sdk/sdk/1.5.1/src/rp2_common/hardware_irq/irq.c.obj
 .debug_abbrev  0x0000105f       0xee CMakeFiles/picow_blink.dir/home/fabio/.pico-sdk/sdk/1.5.1/src/common/pico_sync/lock_core.c.obj
 .debug_abbrev  0x0000114d      0x42f CMakeFiles/picow_blink.dir/home/fabio/.pico-sdk/sdk/1.5.1/src/common/pico_sync/mutex.c.obj
 .debug_abbrev  0x0000157c      0x659 CMakeFiles/picow_blink.dir/home/fabio/.pico-sdk/sdk/1.5.1/src/common/pico_time/time.c.obj
 .debug_abbrev  0x00001bd5      0x43a CMakeFiles/picow_blink.dir/home/fabio/.pico-sdk/sdk/1.5.1/src/rp2_common/hardware_timer/timer.c.obj
 .debug_abbrev  0x0000200f      0x2fa CMakeFiles/picow_blink.dir/home/fabio/.pico-sdk/sdk/1.5.1/src/common/pico_util/pheap.c.obj
 .debug_abbrev  0x00002309      0x384 CMakeFiles/picow_blink.dir/home/fabio/.pico-sdk/sdk/1.5.1/src/rp2_common/hardware_uart/uart.c.obj
 .debug_abbrev  0x0000268d      0x4b9 CMakeFiles/picow_blink.dir/home/fabio/.pico-sdk/sdk/1.5.1/src/rp2_common/hardware_clocks/clocks.c.obj
 .debug_abbrev  0x00002b46      0x1ad CMakeFiles/picow_blink.dir/home/fabio/.pico-sdk/sdk/1.5.1/src/rp2_common/hardware_pll/pll.c.obj
 .debug_abbrev  0x00002cf3      0x24a CMakeFiles/picow_blink.dir/home/fabio/.pico-sdk/sdk/1.5.1/src/rp2_common/hardware_watchdog/watchdog.c.obj
 .debug_abbrev  0x00002f3d      0x10a CMakeFiles/picow_blink.dir/home/fabio/.pico-sdk/sdk/1.5.1/src/rp2_common/hardware_xosc/xosc.c.obj
 .debug_abbrev  0x00003047      0x4f7 CMakeFiles/picow_blink.dir/home/fabio/.pico-sdk/sdk/1.5.1/src/rp2_common/pico_runtime/runtime.c.obj
 .debug_abbrev  0x0000353e      0x4ed CMakeFiles/picow_blink.dir/home/fabio/.pico-sdk/sdk/1.5.1/src/rp2_common/pico_printf/printf.c.obj
 .debug_abbrev  0x00003a2b       0x12 CMakeFiles/picow_blink.dir/home/fabio/.pico-sdk/sdk/1.5.1/src/rp2_common/pico_bit_ops/bit_ops_aeabi.S.obj
 .debug_abbrev  0x00003a3d      0x18a CMakeFiles/picow_blink.dir/home/fabio/.pico-sdk/sdk/1.5.1/src/rp2_common/pico_bootrom/bootrom.c.obj
 .debug_abbrev  0x00003bc7       0x12 CMakeFiles/picow_blink.dir/home/fabio/.pico-sdk/sdk/1.5.1/src/rp2_common/pico_divider/divider.S.obj
 .debug_abbrev  0x00003bd9       0x12 CMakeFiles/picow_blink.dir/home/fabio/.pico-sdk/sdk/1.5.1/src/rp2_common/pico_double/double_aeabi.S.obj
 .debug_abbrev  0x00003beb      0x1ac CMakeFiles/picow_blink.dir/home/fabio/.pico-sdk/sdk/1.5.1/src/rp2_common/pico_double/double_init_rom.c.obj
 .debug_abbrev  0x00003d97       0x14 CMakeFiles/picow_blink.dir/home/fabio/.pico-sdk/sdk/1.5.1/src/rp2_common/pico_double/double_v1_rom_shim.S.obj
 .debug_abbrev  0x00003dab       0x14 CMakeFiles/picow_blink.dir/home/fabio/.pico-sdk/sdk/1.5.1/src/rp2_common/pico_int64_ops/pico_int64_ops_aeabi.S.obj
 .debug_abbrev  0x00003dbf       0x12 CMakeFiles/picow_blink.dir/home/fabio/.pico-sdk/sdk/1.5.1/src/rp2_common/pico_float/float_aeabi.S.obj
 .debug_abbrev  0x00003dd1      0x19e CMakeFiles/picow_blink.dir/home/fabio/.pico-sdk/sdk/1.5.1/src/rp2_common/pico_float/float_init_rom.c.obj
 .debug_abbrev  0x00003f6f       0x12 CMakeFiles/picow_blink.dir/home/fabio/.pico-sdk/sdk/1.5.1/src/rp2_common/pico_mem_ops/mem_ops_aeabi.S.obj
 .debug_abbrev  0x00003f81       0x12 CMakeFiles/picow_blink.dir/home/fabio/.pico-sdk/sdk/1.5.1/src/rp2_common/pico_standard_link/crt0.S.obj
 .debug_abbrev  0x00003f93       0xb8 CMakeFiles/picow_blink.dir/home/fabio/.pico-sdk/sdk/1.5.1/src/rp2_common/pico_standard_link/binary_info.c.obj
 .debug_abbrev  0x0000404b      0x564 CMakeFiles/picow_blink.dir/home/fabio/.pico-sdk/sdk/1.5.1/src/rp2_common/pico_stdio/stdio.c.obj
 .debug_abbrev  0x000045af      0x45c CMakeFiles/picow_blink.dir/home/fabio/.pico-sdk/sdk/1.5.1/src/rp2_common/pico_stdio_uart/stdio_uart.c.obj
 .debug_abbrev  0x00004a0b      0x153 CMakeFiles/picow_blink.dir/home/fabio/.pico-sdk/sdk/1.5.1/src/rp2_common/pico_unique_id/unique_id.c.obj
 .debug_abbrev  0x00004b5e      0x304 CMakeFiles/picow_blink.dir/home/fabio/.pico-sdk/sdk/1.5.1/src/rp2_common/hardware_flash/flash.c.obj

.debug_aranges  0x00000000      0xda0
 .debug_aranges
                0x00000000       0x20 CMakeFiles/picow_blink.dir/app/main.c.obj
 .debug_aranges
                0x00000020       0xf8 CMakeFiles/picow_blink.dir/home/fabio/.pico-sdk/sdk/1.5.1/src/rp2_common/hardware_gpio/gpio.c.obj
 .debug_aranges
                0x00000118       0x28 CMakeFiles/picow_blink.dir/home/fabio/.pico-sdk/sdk/1.5.1/src/rp2_common/pico_platform/platform.c.obj
 .debug_aranges
                0x00000140       0x48 CMakeFiles/picow_blink.dir/home/fabio/.pico-sdk/sdk/1.5.1/src/rp2_common/hardware_claim/claim.c.obj
 .debug_aranges
                0x00000188       0x58 CMakeFiles/picow_blink.dir/home/fabio/.pico-sdk/sdk/1.5.1/src/rp2_common/hardware_sync/sync.c.obj
 .debug_aranges
                0x000001e0       0xa8 CMakeFiles/picow_blink.dir/home/fabio/.pico-sdk/sdk/1.5.1/src/rp2_common/hardware_irq/irq.c.obj
 .debug_aranges
                0x00000288       0x20 CMakeFiles/picow_blink.dir/home/fabio/.pico-sdk/sdk/1.5.1/src/common/pico_sync/lock_core.c.obj
 .debug_aranges
                0x000002a8       0x90 CMakeFiles/picow_blink.dir/home/fabio/.pico-sdk/sdk/1.5.1/src/common/pico_sync/mutex.c.obj
 .debug_aranges
                0x00000338       0xd0 CMakeFiles/picow_blink.dir/home/fabio/.pico-sdk/sdk/1.5.1/src/common/pico_time/time.c.obj
 .debug_aranges
                0x00000408       0x88 CMakeFiles/picow_blink.dir/home/fabio/.pico-sdk/sdk/1.5.1/src/rp2_common/hardware_timer/timer.c.obj
 .debug_aranges
                0x00000490       0x70 CMakeFiles/picow_blink.dir/home/fabio/.pico-sdk/sdk/1.5.1/src/common/pico_util/pheap.c.obj
 .debug_aranges
                0x00000500       0x58 CMakeFiles/picow_blink.dir/home/fabio/.pico-sdk/sdk/1.5.1/src/rp2_common/hardware_uart/uart.c.obj
 .debug_aranges
                0x00000558       0x68 CMakeFiles/picow_blink.dir/home/fabio/.pico-sdk/sdk/1.5.1/src/rp2_common/hardware_clocks/clocks.c.obj
 .debug_aranges
                0x000005c0       0x28 CMakeFiles/picow_blink.dir/home/fabio/.pico-sdk/sdk/1.5.1/src/rp2_common/hardware_pll/pll.c.obj
 .debug_aranges
                0x000005e8       0x58 CMakeFiles/picow_blink.dir/home/fabio/.pico-sdk/sdk/1.5.1/src/rp2_common/hardware_watchdog/watchdog.c.obj
 .debug_aranges
                0x00000640       0x30 CMakeFiles/picow_blink.dir/home/fabio/.pico-sdk/sdk/1.5.1/src/rp2_common/hardware_xosc/xosc.c.obj
 .debug_aranges
                0x00000670       0x88 CMakeFiles/picow_blink.dir/home/fabio/.pico-sdk/sdk/1.5.1/src/rp2_common/pico_runtime/runtime.c.obj
 .debug_aranges
                0x000006f8       0x90 CMakeFiles/picow_blink.dir/home/fabio/.pico-sdk/sdk/1.5.1/src/rp2_common/pico_printf/printf.c.obj
 .debug_aranges
                0x00000788       0x68 CMakeFiles/picow_blink.dir/home/fabio/.pico-sdk/sdk/1.5.1/src/rp2_common/pico_bit_ops/bit_ops_aeabi.S.obj
 .debug_aranges
                0x000007f0       0x30 CMakeFiles/picow_blink.dir/home/fabio/.pico-sdk/sdk/1.5.1/src/rp2_common/pico_bootrom/bootrom.c.obj
 .debug_aranges
                0x00000820       0x40 CMakeFiles/picow_blink.dir/home/fabio/.pico-sdk/sdk/1.5.1/src/rp2_common/pico_divider/divider.S.obj
 .debug_aranges
                0x00000860      0x140 CMakeFiles/picow_blink.dir/home/fabio/.pico-sdk/sdk/1.5.1/src/rp2_common/pico_double/double_aeabi.S.obj
 .debug_aranges
                0x000009a0       0x28 CMakeFiles/picow_blink.dir/home/fabio/.pico-sdk/sdk/1.5.1/src/rp2_common/pico_double/double_init_rom.c.obj
 .debug_aranges
                0x000009c8       0x20 CMakeFiles/picow_blink.dir/home/fabio/.pico-sdk/sdk/1.5.1/src/rp2_common/pico_double/double_v1_rom_shim.S.obj
 .debug_aranges
                0x000009e8       0x20 CMakeFiles/picow_blink.dir/home/fabio/.pico-sdk/sdk/1.5.1/src/rp2_common/pico_int64_ops/pico_int64_ops_aeabi.S.obj
 .debug_aranges
                0x00000a08      0x130 CMakeFiles/picow_blink.dir/home/fabio/.pico-sdk/sdk/1.5.1/src/rp2_common/pico_float/float_aeabi.S.obj
 .debug_aranges
                0x00000b38       0x28 CMakeFiles/picow_blink.dir/home/fabio/.pico-sdk/sdk/1.5.1/src/rp2_common/pico_float/float_init_rom.c.obj
 .debug_aranges
                0x00000b60       0x38 CMakeFiles/picow_blink.dir/home/fabio/.pico-sdk/sdk/1.5.1/src/rp2_common/pico_mem_ops/mem_ops_aeabi.S.obj
 .debug_aranges
                0x00000b98       0x28 CMakeFiles/picow_blink.dir/home/fabio/.pico-sdk/sdk/1.5.1/src/rp2_common/pico_standard_link/crt0.S.obj
 .debug_aranges
                0x00000bc0       0x18 CMakeFiles/picow_blink.dir/home/fabio/.pico-sdk/sdk/1.5.1/src/rp2_common/pico_standard_link/binary_info.c.obj
 .debug_aranges
                0x00000bd8       0xe8 CMakeFiles/picow_blink.dir/home/fabio/.pico-sdk/sdk/1.5.1/src/rp2_common/pico_stdio/stdio.c.obj
 .debug_aranges
                0x00000cc0       0x58 CMakeFiles/picow_blink.dir/home/fabio/.pico-sdk/sdk/1.5.1/src/rp2_common/pico_stdio_uart/stdio_uart.c.obj
 .debug_aranges
                0x00000d18       0x30 CMakeFiles/picow_blink.dir/home/fabio/.pico-sdk/sdk/1.5.1/src/rp2_common/pico_unique_id/unique_id.c.obj
 .debug_aranges
                0x00000d48       0x58 CMakeFiles/picow_blink.dir/home/fabio/.pico-sdk/sdk/1.5.1/src/rp2_common/hardware_flash/flash.c.obj

.debug_rnglists
                0x00000000     0x2d55
 .debug_rnglists
                0x00000000       0x13 CMakeFiles/picow_blink.dir/app/main.c.obj
 .debug_rnglists
                0x00000013      0x489 CMakeFiles/picow_blink.dir/home/fabio/.pico-sdk/sdk/1.5.1/src/rp2_common/hardware_gpio/gpio.c.obj
 .debug_rnglists
                0x0000049c       0x19 CMakeFiles/picow_blink.dir/home/fabio/.pico-sdk/sdk/1.5.1/src/rp2_common/pico_platform/platform.c.obj
 .debug_rnglists
                0x000004b5       0xb6 CMakeFiles/picow_blink.dir/home/fabio/.pico-sdk/sdk/1.5.1/src/rp2_common/hardware_claim/claim.c.obj
 .debug_rnglists
                0x0000056b       0x88 CMakeFiles/picow_blink.dir/home/fabio/.pico-sdk/sdk/1.5.1/src/rp2_common/hardware_sync/sync.c.obj
 .debug_rnglists
                0x000005f3      0x323 CMakeFiles/picow_blink.dir/home/fabio/.pico-sdk/sdk/1.5.1/src/rp2_common/hardware_irq/irq.c.obj
 .debug_rnglists
                0x00000916       0x1f CMakeFiles/picow_blink.dir/home/fabio/.pico-sdk/sdk/1.5.1/src/common/pico_sync/lock_core.c.obj
 .debug_rnglists
                0x00000935      0x2f8 CMakeFiles/picow_blink.dir/home/fabio/.pico-sdk/sdk/1.5.1/src/common/pico_sync/mutex.c.obj
 .debug_rnglists
                0x00000c2d      0x72e CMakeFiles/picow_blink.dir/home/fabio/.pico-sdk/sdk/1.5.1/src/common/pico_time/time.c.obj
 .debug_rnglists
                0x0000135b      0x13d CMakeFiles/picow_blink.dir/home/fabio/.pico-sdk/sdk/1.5.1/src/rp2_common/hardware_timer/timer.c.obj
 .debug_rnglists
                0x00001498      0x480 CMakeFiles/picow_blink.dir/home/fabio/.pico-sdk/sdk/1.5.1/src/common/pico_util/pheap.c.obj
 .debug_rnglists
                0x00001918      0x2ab CMakeFiles/picow_blink.dir/home/fabio/.pico-sdk/sdk/1.5.1/src/rp2_common/hardware_uart/uart.c.obj
 .debug_rnglists
                0x00001bc3      0x212 CMakeFiles/picow_blink.dir/home/fabio/.pico-sdk/sdk/1.5.1/src/rp2_common/hardware_clocks/clocks.c.obj
 .debug_rnglists
                0x00001dd5       0x4d CMakeFiles/picow_blink.dir/home/fabio/.pico-sdk/sdk/1.5.1/src/rp2_common/hardware_pll/pll.c.obj
 .debug_rnglists
                0x00001e22       0xcd CMakeFiles/picow_blink.dir/home/fabio/.pico-sdk/sdk/1.5.1/src/rp2_common/hardware_watchdog/watchdog.c.obj
 .debug_rnglists
                0x00001eef       0x2b CMakeFiles/picow_blink.dir/home/fabio/.pico-sdk/sdk/1.5.1/src/rp2_common/hardware_xosc/xosc.c.obj
 .debug_rnglists
                0x00001f1a       0xa2 CMakeFiles/picow_blink.dir/home/fabio/.pico-sdk/sdk/1.5.1/src/rp2_common/pico_runtime/runtime.c.obj
 .debug_rnglists
                0x00001fbc      0x2a2 CMakeFiles/picow_blink.dir/home/fabio/.pico-sdk/sdk/1.5.1/src/rp2_common/pico_printf/printf.c.obj
 .debug_rnglists
                0x0000225e       0x49 CMakeFiles/picow_blink.dir/home/fabio/.pico-sdk/sdk/1.5.1/src/rp2_common/pico_bit_ops/bit_ops_aeabi.S.obj
 .debug_rnglists
                0x000022a7       0xa6 CMakeFiles/picow_blink.dir/home/fabio/.pico-sdk/sdk/1.5.1/src/rp2_common/pico_bootrom/bootrom.c.obj
 .debug_rnglists
                0x0000234d       0x2c CMakeFiles/picow_blink.dir/home/fabio/.pico-sdk/sdk/1.5.1/src/rp2_common/pico_divider/divider.S.obj
 .debug_rnglists
                0x00002379       0xec CMakeFiles/picow_blink.dir/home/fabio/.pico-sdk/sdk/1.5.1/src/rp2_common/pico_double/double_aeabi.S.obj
 .debug_rnglists
                0x00002465       0x1a CMakeFiles/picow_blink.dir/home/fabio/.pico-sdk/sdk/1.5.1/src/rp2_common/pico_double/double_init_rom.c.obj
 .debug_rnglists
                0x0000247f       0xdf CMakeFiles/picow_blink.dir/home/fabio/.pico-sdk/sdk/1.5.1/src/rp2_common/pico_float/float_aeabi.S.obj
 .debug_rnglists
                0x0000255e       0x19 CMakeFiles/picow_blink.dir/home/fabio/.pico-sdk/sdk/1.5.1/src/rp2_common/pico_float/float_init_rom.c.obj
 .debug_rnglists
                0x00002577       0x25 CMakeFiles/picow_blink.dir/home/fabio/.pico-sdk/sdk/1.5.1/src/rp2_common/pico_mem_ops/mem_ops_aeabi.S.obj
 .debug_rnglists
                0x0000259c       0x1b CMakeFiles/picow_blink.dir/home/fabio/.pico-sdk/sdk/1.5.1/src/rp2_common/pico_standard_link/crt0.S.obj
 .debug_rnglists
                0x000025b7      0x31a CMakeFiles/picow_blink.dir/home/fabio/.pico-sdk/sdk/1.5.1/src/rp2_common/pico_stdio/stdio.c.obj
 .debug_rnglists
                0x000028d1      0x1a4 CMakeFiles/picow_blink.dir/home/fabio/.pico-sdk/sdk/1.5.1/src/rp2_common/pico_stdio_uart/stdio_uart.c.obj
 .debug_rnglists
                0x00002a75       0x70 CMakeFiles/picow_blink.dir/home/fabio/.pico-sdk/sdk/1.5.1/src/rp2_common/pico_unique_id/unique_id.c.obj
 .debug_rnglists
                0x00002ae5      0x270 CMakeFiles/picow_blink.dir/home/fabio/.pico-sdk/sdk/1.5.1/src/rp2_common/hardware_flash/flash.c.obj

.debug_line     0x00000000    0x14cdd
 .debug_line    0x00000000      0x1bb CMakeFiles/picow_blink.dir/app/main.c.obj
 .debug_line    0x000001bb     0x179e CMakeFiles/picow_blink.dir/home/fabio/.pico-sdk/sdk/1.5.1/src/rp2_common/hardware_gpio/gpio.c.obj
 .debug_line    0x00001959      0x221 CMakeFiles/picow_blink.dir/home/fabio/.pico-sdk/sdk/1.5.1/src/rp2_common/pico_platform/platform.c.obj
 .debug_line    0x00001b7a      0x700 CMakeFiles/picow_blink.dir/home/fabio/.pico-sdk/sdk/1.5.1/src/rp2_common/hardware_claim/claim.c.obj
 .debug_line    0x0000227a      0x4e1 CMakeFiles/picow_blink.dir/home/fabio/.pico-sdk/sdk/1.5.1/src/rp2_common/hardware_sync/sync.c.obj
 .debug_line    0x0000275b     0x1486 CMakeFiles/picow_blink.dir/home/fabio/.pico-sdk/sdk/1.5.1/src/rp2_common/hardware_irq/irq.c.obj
 .debug_line    0x00003be1      0x252 CMakeFiles/picow_blink.dir/home/fabio/.pico-sdk/sdk/1.5.1/src/common/pico_sync/lock_core.c.obj
 .debug_line    0x00003e33     0x1889 CMakeFiles/picow_blink.dir/home/fabio/.pico-sdk/sdk/1.5.1/src/common/pico_sync/mutex.c.obj
 .debug_line    0x000056bc     0x2a10 CMakeFiles/picow_blink.dir/home/fabio/.pico-sdk/sdk/1.5.1/src/common/pico_time/time.c.obj
 .debug_line    0x000080cc      0xf9b CMakeFiles/picow_blink.dir/home/fabio/.pico-sdk/sdk/1.5.1/src/rp2_common/hardware_timer/timer.c.obj
 .debug_line    0x00009067     0x13bd CMakeFiles/picow_blink.dir/home/fabio/.pico-sdk/sdk/1.5.1/src/common/pico_util/pheap.c.obj
 .debug_line    0x0000a424     0x1114 CMakeFiles/picow_blink.dir/home/fabio/.pico-sdk/sdk/1.5.1/src/rp2_common/hardware_uart/uart.c.obj
 .debug_line    0x0000b538     0x13ee CMakeFiles/picow_blink.dir/home/fabio/.pico-sdk/sdk/1.5.1/src/rp2_common/hardware_clocks/clocks.c.obj
 .debug_line    0x0000c926      0x4e3 CMakeFiles/picow_blink.dir/home/fabio/.pico-sdk/sdk/1.5.1/src/rp2_common/hardware_pll/pll.c.obj
 .debug_line    0x0000ce09      0x683 CMakeFiles/picow_blink.dir/home/fabio/.pico-sdk/sdk/1.5.1/src/rp2_common/hardware_watchdog/watchdog.c.obj
 .debug_line    0x0000d48c      0x2c0 CMakeFiles/picow_blink.dir/home/fabio/.pico-sdk/sdk/1.5.1/src/rp2_common/hardware_xosc/xosc.c.obj
 .debug_line    0x0000d74c      0xb7b CMakeFiles/picow_blink.dir/home/fabio/.pico-sdk/sdk/1.5.1/src/rp2_common/pico_runtime/runtime.c.obj
 .debug_line    0x0000e2c7     0x1c9d CMakeFiles/picow_blink.dir/home/fabio/.pico-sdk/sdk/1.5.1/src/rp2_common/pico_printf/printf.c.obj
 .debug_line    0x0000ff64      0x11a CMakeFiles/picow_blink.dir/home/fabio/.pico-sdk/sdk/1.5.1/src/rp2_common/pico_bit_ops/bit_ops_aeabi.S.obj
 .debug_line    0x0001007e      0x319 CMakeFiles/picow_blink.dir/home/fabio/.pico-sdk/sdk/1.5.1/src/rp2_common/pico_bootrom/bootrom.c.obj
 .debug_line    0x00010397      0x2a9 CMakeFiles/picow_blink.dir/home/fabio/.pico-sdk/sdk/1.5.1/src/rp2_common/pico_divider/divider.S.obj
 .debug_line    0x00010640      0x3f5 CMakeFiles/picow_blink.dir/home/fabio/.pico-sdk/sdk/1.5.1/src/rp2_common/pico_double/double_aeabi.S.obj
 .debug_line    0x00010a35      0x47e CMakeFiles/picow_blink.dir/home/fabio/.pico-sdk/sdk/1.5.1/src/rp2_common/pico_double/double_init_rom.c.obj
 .debug_line    0x00010eb3       0x5d CMakeFiles/picow_blink.dir/home/fabio/.pico-sdk/sdk/1.5.1/src/rp2_common/pico_double/double_v1_rom_shim.S.obj
 .debug_line    0x00010f10       0x61 CMakeFiles/picow_blink.dir/home/fabio/.pico-sdk/sdk/1.5.1/src/rp2_common/pico_int64_ops/pico_int64_ops_aeabi.S.obj
 .debug_line    0x00010f71      0x3a6 CMakeFiles/picow_blink.dir/home/fabio/.pico-sdk/sdk/1.5.1/src/rp2_common/pico_float/float_aeabi.S.obj
 .debug_line    0x00011317      0x33f CMakeFiles/picow_blink.dir/home/fabio/.pico-sdk/sdk/1.5.1/src/rp2_common/pico_float/float_init_rom.c.obj
 .debug_line    0x00011656       0x94 CMakeFiles/picow_blink.dir/home/fabio/.pico-sdk/sdk/1.5.1/src/rp2_common/pico_mem_ops/mem_ops_aeabi.S.obj
 .debug_line    0x000116ea       0xa5 CMakeFiles/picow_blink.dir/home/fabio/.pico-sdk/sdk/1.5.1/src/rp2_common/pico_standard_link/crt0.S.obj
 .debug_line    0x0001178f      0x1ce CMakeFiles/picow_blink.dir/home/fabio/.pico-sdk/sdk/1.5.1/src/rp2_common/pico_standard_link/binary_info.c.obj
 .debug_line    0x0001195d     0x1609 CMakeFiles/picow_blink.dir/home/fabio/.pico-sdk/sdk/1.5.1/src/rp2_common/pico_stdio/stdio.c.obj
 .debug_line    0x00012f66      0xccc CMakeFiles/picow_blink.dir/home/fabio/.pico-sdk/sdk/1.5.1/src/rp2_common/pico_stdio_uart/stdio_uart.c.obj
 .debug_line    0x00013c32      0x644 CMakeFiles/picow_blink.dir/home/fabio/.pico-sdk/sdk/1.5.1/src/rp2_common/pico_unique_id/unique_id.c.obj
 .debug_line    0x00014276      0xa67 CMakeFiles/picow_blink.dir/home/fabio/.pico-sdk/sdk/1.5.1/src/rp2_common/hardware_flash/flash.c.obj

.debug_str      0x00000000     0x3dba
 .debug_str     0x00000000     0x3dba CMakeFiles/picow_blink.dir/app/main.c.obj
                                0x19e (size before relaxing)
 .debug_str     0x00003dba      0xa00 CMakeFiles/picow_blink.dir/home/fabio/.pico-sdk/sdk/1.5.1/src/rp2_common/hardware_gpio/gpio.c.obj
 .debug_str     0x00003dba      0x1fa CMakeFiles/picow_blink.dir/home/fabio/.pico-sdk/sdk/1.5.1/src/rp2_common/pico_platform/platform.c.obj
 .debug_str     0x00003dba      0x343 CMakeFiles/picow_blink.dir/home/fabio/.pico-sdk/sdk/1.5.1/src/rp2_common/hardware_claim/claim.c.obj
 .debug_str     0x00003dba      0x32a CMakeFiles/picow_blink.dir/home/fabio/.pico-sdk/sdk/1.5.1/src/rp2_common/hardware_sync/sync.c.obj
 .debug_str     0x00003dba      0x814 CMakeFiles/picow_blink.dir/home/fabio/.pico-sdk/sdk/1.5.1/src/rp2_common/hardware_irq/irq.c.obj
 .debug_str     0x00003dba      0x1e9 CMakeFiles/picow_blink.dir/home/fabio/.pico-sdk/sdk/1.5.1/src/common/pico_sync/lock_core.c.obj
 .debug_str     0x00003dba      0x5b6 CMakeFiles/picow_blink.dir/home/fabio/.pico-sdk/sdk/1.5.1/src/common/pico_sync/mutex.c.obj
 .debug_str     0x00003dba      0xc31 CMakeFiles/picow_blink.dir/home/fabio/.pico-sdk/sdk/1.5.1/src/common/pico_time/time.c.obj
 .debug_str     0x00003dba      0x6f3 CMakeFiles/picow_blink.dir/home/fabio/.pico-sdk/sdk/1.5.1/src/rp2_common/hardware_timer/timer.c.obj
 .debug_str     0x00003dba      0x3c9 CMakeFiles/picow_blink.dir/home/fabio/.pico-sdk/sdk/1.5.1/src/common/pico_util/pheap.c.obj
 .debug_str     0x00003dba      0x60c CMakeFiles/picow_blink.dir/home/fabio/.pico-sdk/sdk/1.5.1/src/rp2_common/hardware_uart/uart.c.obj
 .debug_str     0x00003dba      0x69c CMakeFiles/picow_blink.dir/home/fabio/.pico-sdk/sdk/1.5.1/src/rp2_common/hardware_clocks/clocks.c.obj
 .debug_str     0x00003dba      0x2b6 CMakeFiles/picow_blink.dir/home/fabio/.pico-sdk/sdk/1.5.1/src/rp2_common/hardware_pll/pll.c.obj
 .debug_str     0x00003dba      0x318 CMakeFiles/picow_blink.dir/home/fabio/.pico-sdk/sdk/1.5.1/src/rp2_common/hardware_watchdog/watchdog.c.obj
 .debug_str     0x00003dba      0x215 CMakeFiles/picow_blink.dir/home/fabio/.pico-sdk/sdk/1.5.1/src/rp2_common/hardware_xosc/xosc.c.obj
 .debug_str     0x00003dba      0x7a8 CMakeFiles/picow_blink.dir/home/fabio/.pico-sdk/sdk/1.5.1/src/rp2_common/pico_runtime/runtime.c.obj
 .debug_str     0x00003dba      0x4cb CMakeFiles/picow_blink.dir/home/fabio/.pico-sdk/sdk/1.5.1/src/rp2_common/pico_printf/printf.c.obj
 .debug_str     0x00003dba       0x71 CMakeFiles/picow_blink.dir/home/fabio/.pico-sdk/sdk/1.5.1/src/rp2_common/pico_bit_ops/bit_ops_aeabi.S.obj
 .debug_str     0x00003dba      0x26d CMakeFiles/picow_blink.dir/home/fabio/.pico-sdk/sdk/1.5.1/src/rp2_common/pico_bootrom/bootrom.c.obj
 .debug_str     0x00003dba       0x6b CMakeFiles/picow_blink.dir/home/fabio/.pico-sdk/sdk/1.5.1/src/rp2_common/pico_divider/divider.S.obj
 .debug_str     0x00003dba       0x6f CMakeFiles/picow_blink.dir/home/fabio/.pico-sdk/sdk/1.5.1/src/rp2_common/pico_double/double_aeabi.S.obj
 .debug_str     0x00003dba      0x29d CMakeFiles/picow_blink.dir/home/fabio/.pico-sdk/sdk/1.5.1/src/rp2_common/pico_double/double_init_rom.c.obj
 .debug_str     0x00003dba       0x75 CMakeFiles/picow_blink.dir/home/fabio/.pico-sdk/sdk/1.5.1/src/rp2_common/pico_double/double_v1_rom_shim.S.obj
 .debug_str     0x00003dba       0x7a CMakeFiles/picow_blink.dir/home/fabio/.pico-sdk/sdk/1.5.1/src/rp2_common/pico_int64_ops/pico_int64_ops_aeabi.S.obj
 .debug_str     0x00003dba       0x6d CMakeFiles/picow_blink.dir/home/fabio/.pico-sdk/sdk/1.5.1/src/rp2_common/pico_float/float_aeabi.S.obj
 .debug_str     0x00003dba      0x279 CMakeFiles/picow_blink.dir/home/fabio/.pico-sdk/sdk/1.5.1/src/rp2_common/pico_float/float_init_rom.c.obj
 .debug_str     0x00003dba       0x71 CMakeFiles/picow_blink.dir/home/fabio/.pico-sdk/sdk/1.5.1/src/rp2_common/pico_mem_ops/mem_ops_aeabi.S.obj
 .debug_str     0x00003dba       0x6e CMakeFiles/picow_blink.dir/home/fabio/.pico-sdk/sdk/1.5.1/src/rp2_common/pico_standard_link/crt0.S.obj
 .debug_str     0x00003dba      0x3d8 CMakeFiles/picow_blink.dir/home/fabio/.pico-sdk/sdk/1.5.1/src/rp2_common/pico_standard_link/binary_info.c.obj
 .debug_str     0x00003dba      0x988 CMakeFiles/picow_blink.dir/home/fabio/.pico-sdk/sdk/1.5.1/src/rp2_common/pico_stdio/stdio.c.obj
 .debug_str     0x00003dba      0x8d6 CMakeFiles/picow_blink.dir/home/fabio/.pico-sdk/sdk/1.5.1/src/rp2_common/pico_stdio_uart/stdio_uart.c.obj
 .debug_str     0x00003dba      0x252 CMakeFiles/picow_blink.dir/home/fabio/.pico-sdk/sdk/1.5.1/src/rp2_common/pico_unique_id/unique_id.c.obj
 .debug_str     0x00003dba      0x632 CMakeFiles/picow_blink.dir/home/fabio/.pico-sdk/sdk/1.5.1/src/rp2_common/hardware_flash/flash.c.obj

.debug_frame    0x00000000     0x1a84
 .debug_frame   0x00000000       0x28 CMakeFiles/picow_blink.dir/app/main.c.obj
 .debug_frame   0x00000028      0x280 CMakeFiles/picow_blink.dir/home/fabio/.pico-sdk/sdk/1.5.1/src/rp2_common/hardware_gpio/gpio.c.obj
 .debug_frame   0x000002a8       0x30 CMakeFiles/picow_blink.dir/home/fabio/.pico-sdk/sdk/1.5.1/src/rp2_common/pico_platform/platform.c.obj
 .debug_frame   0x000002d8       0xa0 CMakeFiles/picow_blink.dir/home/fabio/.pico-sdk/sdk/1.5.1/src/rp2_common/hardware_claim/claim.c.obj
 .debug_frame   0x00000378       0xc8 CMakeFiles/picow_blink.dir/home/fabio/.pico-sdk/sdk/1.5.1/src/rp2_common/hardware_sync/sync.c.obj
 .debug_frame   0x00000440      0x1ac CMakeFiles/picow_blink.dir/home/fabio/.pico-sdk/sdk/1.5.1/src/rp2_common/hardware_irq/irq.c.obj
 .debug_frame   0x000005ec       0x20 CMakeFiles/picow_blink.dir/home/fabio/.pico-sdk/sdk/1.5.1/src/common/pico_sync/lock_core.c.obj
 .debug_frame   0x0000060c      0x1cc CMakeFiles/picow_blink.dir/home/fabio/.pico-sdk/sdk/1.5.1/src/common/pico_sync/mutex.c.obj
 .debug_frame   0x000007d8      0x2e4 CMakeFiles/picow_blink.dir/home/fabio/.pico-sdk/sdk/1.5.1/src/common/pico_time/time.c.obj
 .debug_frame   0x00000abc      0x174 CMakeFiles/picow_blink.dir/home/fabio/.pico-sdk/sdk/1.5.1/src/rp2_common/hardware_timer/timer.c.obj
 .debug_frame   0x00000c30      0x184 CMakeFiles/picow_blink.dir/home/fabio/.pico-sdk/sdk/1.5.1/src/common/pico_util/pheap.c.obj
 .debug_frame   0x00000db4       0xf4 CMakeFiles/picow_blink.dir/home/fabio/.pico-sdk/sdk/1.5.1/src/rp2_common/hardware_uart/uart.c.obj
 .debug_frame   0x00000ea8      0x120 CMakeFiles/picow_blink.dir/home/fabio/.pico-sdk/sdk/1.5.1/src/rp2_common/hardware_clocks/clocks.c.obj
 .debug_frame   0x00000fc8       0x40 CMakeFiles/picow_blink.dir/home/fabio/.pico-sdk/sdk/1.5.1/src/rp2_common/hardware_pll/pll.c.obj
 .debug_frame   0x00001008       0xa8 CMakeFiles/picow_blink.dir/home/fabio/.pico-sdk/sdk/1.5.1/src/rp2_common/hardware_watchdog/watchdog.c.obj
 .debug_frame   0x000010b0       0x40 CMakeFiles/picow_blink.dir/home/fabio/.pico-sdk/sdk/1.5.1/src/rp2_common/hardware_xosc/xosc.c.obj
 .debug_frame   0x000010f0      0x14c CMakeFiles/picow_blink.dir/home/fabio/.pico-sdk/sdk/1.5.1/src/rp2_common/pico_runtime/runtime.c.obj
 .debug_frame   0x0000123c      0x1f0 CMakeFiles/picow_blink.dir/home/fabio/.pico-sdk/sdk/1.5.1/src/rp2_common/pico_printf/printf.c.obj
 .debug_frame   0x0000142c       0x68 CMakeFiles/picow_blink.dir/home/fabio/.pico-sdk/sdk/1.5.1/src/rp2_common/pico_bootrom/bootrom.c.obj
 .debug_frame   0x00001494       0x44 CMakeFiles/picow_blink.dir/home/fabio/.pico-sdk/sdk/1.5.1/src/rp2_common/pico_double/double_init_rom.c.obj
 .debug_frame   0x000014d8       0x40 CMakeFiles/picow_blink.dir/home/fabio/.pico-sdk/sdk/1.5.1/src/rp2_common/pico_float/float_init_rom.c.obj
 .debug_frame   0x00001518      0x300 CMakeFiles/picow_blink.dir/home/fabio/.pico-sdk/sdk/1.5.1/src/rp2_common/pico_stdio/stdio.c.obj
 .debug_frame   0x00001818       0xec CMakeFiles/picow_blink.dir/home/fabio/.pico-sdk/sdk/1.5.1/src/rp2_common/pico_stdio_uart/stdio_uart.c.obj
 .debug_frame   0x00001904       0x5c CMakeFiles/picow_blink.dir/home/fabio/.pico-sdk/sdk/1.5.1/src/rp2_common/pico_unique_id/unique_id.c.obj
 .debug_frame   0x00001960       0xfc CMakeFiles/picow_blink.dir/home/fabio/.pico-sdk/sdk/1.5.1/src/rp2_common/hardware_flash/flash.c.obj
 .debug_frame   0x00001a5c       0x28 /home/fabio/.pico-sdk/toolchain/14_2_Rel1/bin/../lib/gcc/arm-none-eabi/14.2.1/../../../../arm-none-eabi/lib/thumb/v6-m/nofp/libg.a(libc_a-strlen-stub.o)

.debug_loclists
                0x00000000    0x118ce
 .debug_loclists
                0x00000000     0x16c2 CMakeFiles/picow_blink.dir/home/fabio/.pico-sdk/sdk/1.5.1/src/rp2_common/hardware_gpio/gpio.c.obj
 .debug_loclists
                0x000016c2       0x53 CMakeFiles/picow_blink.dir/home/fabio/.pico-sdk/sdk/1.5.1/src/rp2_common/pico_platform/platform.c.obj
 .debug_loclists
                0x00001715      0x42a CMakeFiles/picow_blink.dir/home/fabio/.pico-sdk/sdk/1.5.1/src/rp2_common/hardware_claim/claim.c.obj
 .debug_loclists
                0x00001b3f      0x179 CMakeFiles/picow_blink.dir/home/fabio/.pico-sdk/sdk/1.5.1/src/rp2_common/hardware_sync/sync.c.obj
 .debug_loclists
                0x00001cb8     0x1083 CMakeFiles/picow_blink.dir/home/fabio/.pico-sdk/sdk/1.5.1/src/rp2_common/hardware_irq/irq.c.obj
 .debug_loclists
                0x00002d3b       0x41 CMakeFiles/picow_blink.dir/home/fabio/.pico-sdk/sdk/1.5.1/src/common/pico_sync/lock_core.c.obj
 .debug_loclists
                0x00002d7c      0xf28 CMakeFiles/picow_blink.dir/home/fabio/.pico-sdk/sdk/1.5.1/src/common/pico_sync/mutex.c.obj
 .debug_loclists
                0x00003ca4     0x2817 CMakeFiles/picow_blink.dir/home/fabio/.pico-sdk/sdk/1.5.1/src/common/pico_time/time.c.obj
 .debug_loclists
                0x000064bb      0xad8 CMakeFiles/picow_blink.dir/home/fabio/.pico-sdk/sdk/1.5.1/src/rp2_common/hardware_timer/timer.c.obj
 .debug_loclists
                0x00006f93     0x1a6d CMakeFiles/picow_blink.dir/home/fabio/.pico-sdk/sdk/1.5.1/src/common/pico_util/pheap.c.obj
 .debug_loclists
                0x00008a00      0xe78 CMakeFiles/picow_blink.dir/home/fabio/.pico-sdk/sdk/1.5.1/src/rp2_common/hardware_uart/uart.c.obj
 .debug_loclists
                0x00009878     0x1783 CMakeFiles/picow_blink.dir/home/fabio/.pico-sdk/sdk/1.5.1/src/rp2_common/hardware_clocks/clocks.c.obj
 .debug_loclists
                0x0000affb      0x20b CMakeFiles/picow_blink.dir/home/fabio/.pico-sdk/sdk/1.5.1/src/rp2_common/hardware_pll/pll.c.obj
 .debug_loclists